Component: ARM Compiler 5.06 update 6 (build 750) Tool: armlink [4d35ed]

==============================================================================

Section Cross References

    startup_stm32f103xb.o(RESET) refers to startup_stm32f103xb.o(STACK) for __initial_sp
    startup_stm32f103xb.o(RESET) refers to startup_stm32f103xb.o(.text) for Reset_Handler
    startup_stm32f103xb.o(RESET) refers to stm32f1xx_it.o(i.NMI_Handler) for NMI_Handler
    startup_stm32f103xb.o(RESET) refers to stm32f1xx_it.o(i.HardFault_Handler) for HardFault_Handler
    startup_stm32f103xb.o(RESET) refers to stm32f1xx_it.o(i.MemManage_Handler) for MemManage_Handler
    startup_stm32f103xb.o(RESET) refers to stm32f1xx_it.o(i.BusFault_Handler) for BusFault_Handler
    startup_stm32f103xb.o(RESET) refers to stm32f1xx_it.o(i.UsageFault_Handler) for UsageFault_Handler
    startup_stm32f103xb.o(RESET) refers to stm32f1xx_it.o(i.SVC_Handler) for SVC_Handler
    startup_stm32f103xb.o(RESET) refers to stm32f1xx_it.o(i.DebugMon_Handler) for DebugMon_Handler
    startup_stm32f103xb.o(RESET) refers to stm32f1xx_it.o(i.PendSV_Handler) for PendSV_Handler
    startup_stm32f103xb.o(RESET) refers to stm32f1xx_it.o(i.SysTick_Handler) for SysTick_Handler
    startup_stm32f103xb.o(RESET) refers to stm32f1xx_it.o(i.DMA1_Channel1_IRQHandler) for DMA1_Channel1_IRQHandler
    startup_stm32f103xb.o(RESET) refers to stm32f1xx_it.o(i.TIM2_IRQHandler) for TIM2_IRQHandler
    startup_stm32f103xb.o(.text) refers to system_stm32f1xx.o(i.SystemInit) for SystemInit
    startup_stm32f103xb.o(.text) refers to entry.o(.ARM.Collect$$$$00000000) for __main
    sd_hal_mpu6050.o(i.SD_MPU6050_DisableInterrupts) refers to stm32f1xx_hal_i2c.o(i.HAL_I2C_Master_Transmit) for HAL_I2C_Master_Transmit
    sd_hal_mpu6050.o(i.SD_MPU6050_EnableInterrupts) refers to stm32f1xx_hal_i2c.o(i.HAL_I2C_Master_Transmit) for HAL_I2C_Master_Transmit
    sd_hal_mpu6050.o(i.SD_MPU6050_EnableInterrupts) refers to stm32f1xx_hal_i2c.o(i.HAL_I2C_Master_Receive) for HAL_I2C_Master_Receive
    sd_hal_mpu6050.o(i.SD_MPU6050_Init) refers to stm32f1xx_hal_i2c.o(i.HAL_I2C_IsDeviceReady) for HAL_I2C_IsDeviceReady
    sd_hal_mpu6050.o(i.SD_MPU6050_Init) refers to stm32f1xx_hal_i2c.o(i.HAL_I2C_Master_Transmit) for HAL_I2C_Master_Transmit
    sd_hal_mpu6050.o(i.SD_MPU6050_Init) refers to stm32f1xx_hal_i2c.o(i.HAL_I2C_Master_Receive) for HAL_I2C_Master_Receive
    sd_hal_mpu6050.o(i.SD_MPU6050_Init) refers to sd_hal_mpu6050.o(i.SD_MPU6050_SetDataRate) for SD_MPU6050_SetDataRate
    sd_hal_mpu6050.o(i.SD_MPU6050_Init) refers to sd_hal_mpu6050.o(i.SD_MPU6050_SetAccelerometer) for SD_MPU6050_SetAccelerometer
    sd_hal_mpu6050.o(i.SD_MPU6050_Init) refers to sd_hal_mpu6050.o(i.SD_MPU6050_SetGyroscope) for SD_MPU6050_SetGyroscope
    sd_hal_mpu6050.o(i.SD_MPU6050_ReadAccelerometer) refers to stm32f1xx_hal_i2c.o(i.HAL_I2C_Master_Transmit) for HAL_I2C_Master_Transmit
    sd_hal_mpu6050.o(i.SD_MPU6050_ReadAccelerometer) refers to stm32f1xx_hal_i2c.o(i.HAL_I2C_Master_Receive) for HAL_I2C_Master_Receive
    sd_hal_mpu6050.o(i.SD_MPU6050_ReadAll) refers to stm32f1xx_hal_i2c.o(i.HAL_I2C_Master_Transmit) for HAL_I2C_Master_Transmit
    sd_hal_mpu6050.o(i.SD_MPU6050_ReadAll) refers to stm32f1xx_hal_i2c.o(i.HAL_I2C_Master_Receive) for HAL_I2C_Master_Receive
    sd_hal_mpu6050.o(i.SD_MPU6050_ReadAll) refers to fflti.o(.text) for __aeabi_i2f
    sd_hal_mpu6050.o(i.SD_MPU6050_ReadAll) refers to fdiv.o(.text) for __aeabi_fdiv
    sd_hal_mpu6050.o(i.SD_MPU6050_ReadAll) refers to fadd.o(.text) for __aeabi_fadd
    sd_hal_mpu6050.o(i.SD_MPU6050_ReadGyroscope) refers to stm32f1xx_hal_i2c.o(i.HAL_I2C_Master_Transmit) for HAL_I2C_Master_Transmit
    sd_hal_mpu6050.o(i.SD_MPU6050_ReadGyroscope) refers to stm32f1xx_hal_i2c.o(i.HAL_I2C_Master_Receive) for HAL_I2C_Master_Receive
    sd_hal_mpu6050.o(i.SD_MPU6050_ReadInterrupts) refers to stm32f1xx_hal_i2c.o(i.HAL_I2C_Master_Transmit) for HAL_I2C_Master_Transmit
    sd_hal_mpu6050.o(i.SD_MPU6050_ReadInterrupts) refers to stm32f1xx_hal_i2c.o(i.HAL_I2C_Master_Receive) for HAL_I2C_Master_Receive
    sd_hal_mpu6050.o(i.SD_MPU6050_ReadTemperature) refers to stm32f1xx_hal_i2c.o(i.HAL_I2C_Master_Transmit) for HAL_I2C_Master_Transmit
    sd_hal_mpu6050.o(i.SD_MPU6050_ReadTemperature) refers to stm32f1xx_hal_i2c.o(i.HAL_I2C_Master_Receive) for HAL_I2C_Master_Receive
    sd_hal_mpu6050.o(i.SD_MPU6050_ReadTemperature) refers to fflti.o(.text) for __aeabi_i2f
    sd_hal_mpu6050.o(i.SD_MPU6050_ReadTemperature) refers to fdiv.o(.text) for __aeabi_fdiv
    sd_hal_mpu6050.o(i.SD_MPU6050_ReadTemperature) refers to fadd.o(.text) for __aeabi_fadd
    sd_hal_mpu6050.o(i.SD_MPU6050_SetAccelerometer) refers to stm32f1xx_hal_i2c.o(i.HAL_I2C_Master_Transmit) for HAL_I2C_Master_Transmit
    sd_hal_mpu6050.o(i.SD_MPU6050_SetAccelerometer) refers to stm32f1xx_hal_i2c.o(i.HAL_I2C_Master_Receive) for HAL_I2C_Master_Receive
[...]
    ../fplib/microlib/fpflt.c                0x00000000   Number         0  ffltui.o ABSOLUTE
    ../fplib/microlib/fpmul.c                0x00000000   Number         0  fmul.o ABSOLUTE
    ../fplib/microlib/fpmul.c                0x00000000   Number         0  dmul.o ABSOLUTE
    ../fplib/microlib/fpscalb.c              0x00000000   Number         0  fscalb.o ABSOLUTE
    ../fplib/microlib/fpscalb.c              0x00000000   Number         0  dscalb.o ABSOLUTE
    ../fplib/microlib/fpsqrt.c               0x00000000   Number         0  dsqrt.o ABSOLUTE
    ../mathlib/atan.c                        0x00000000   Number         0  atan_x.o ABSOLUTE
    ../mathlib/atan.c                        0x00000000   Number         0  atan.o ABSOLUTE
    ../mathlib/atan2.c                       0x00000000   Number         0  atan2_x.o ABSOLUTE
    ../mathlib/atan2.c                       0x00000000   Number         0  atan2.o ABSOLUTE
    ../mathlib/dunder.c                      0x00000000   Number         0  dunder.o ABSOLUTE
    ../mathlib/fpclassify.c                  0x00000000   Number         0  fpclassify.o ABSOLUTE
    ../mathlib/poly.c                        0x00000000   Number         0  poly.o ABSOLUTE
    ../mathlib/qnan.c                        0x00000000   Number         0  qnan.o ABSOLUTE
    ../mathlib/sqrt.c                        0x00000000   Number         0  sqrt_x.o ABSOLUTE
    ../mathlib/sqrt.c                        0x00000000   Number         0  sqrt.o ABSOLUTE
    ..\Drivers\STM32F1xx_HAL_Driver\Src\stm32f1xx_hal.c 0x00000000   Number         0  stm32f1xx_hal.o ABSOLUTE
    ..\Drivers\STM32F1xx_HAL_Driver\Src\stm32f1xx_hal_adc.c 0x00000000   Number         0  stm32f1xx_hal_adc.o ABSOLUTE
    ..\Drivers\STM32F1xx_HAL_Driver\Src\stm32f1xx_hal_adc_ex.c 0x00000000   Number         0  stm32f1xx_hal_adc_ex.o ABSOLUTE
    ..\Drivers\STM32F1xx_HAL_Driver\Src\stm32f1xx_hal_cortex.c 0x00000000   Number         0  stm32f1xx_hal_cortex.o ABSOLUTE
    ..\Drivers\STM32F1xx_HAL_Driver\Src\stm32f1xx_hal_dma.c 0x00000000   Number         0  stm32f1xx_hal_dma.o ABSOLUTE
    ..\Drivers\STM32F1xx_HAL_Driver\Src\stm32f1xx_hal_exti.c 0x00000000   Number         0  stm32f1xx_hal_exti.o ABSOLUTE
    ..\Drivers\STM32F1xx_HAL_Driver\Src\stm32f1xx_hal_flash.c 0x00000000   Number         0  stm32f1xx_hal_flash.o ABSOLUTE
    ..\Drivers\STM32F1xx_HAL_Driver\Src\stm32f1xx_hal_flash_ex.c 0x00000000   Number         0  stm32f1xx_hal_flash_ex.o ABSOLUTE
    ..\Drivers\STM32F1xx_HAL_Driver\Src\stm32f1xx_hal_gpio.c 0x00000000   Number         0  stm32f1xx_hal_gpio.o ABSOLUTE
    ..\Drivers\STM32F1xx_HAL_Driver\Src\stm32f1xx_hal_gpio_ex.c 0x00000000   Number         0  stm32f1xx_hal_gpio_ex.o ABSOLUTE
    ..\Drivers\STM32F1xx_HAL_Driver\Src\stm32f1xx_hal_i2c.c 0x00000000   Number         0  stm32f1xx_hal_i2c.o ABSOLUTE
    ..\Drivers\STM32F1xx_HAL_Driver\Src\stm32f1xx_hal_pwr.c 0x00000000   Number         0  stm32f1xx_hal_pwr.o ABSOLUTE
    ..\Drivers\STM32F1xx_HAL_Driver\Src\stm32f1xx_hal_rcc.c 0x00000000   Number         0  stm32f1xx_hal_rcc.o ABSOLUTE
    ..\Drivers\STM32F1xx_HAL_Driver\Src\stm32f1xx_hal_rcc_ex.c 0x00000000   Number         0  stm32f1xx_hal_rcc_ex.o ABSOLUTE
    ..\Drivers\STM32F1xx_HAL_Driver\Src\stm32f1xx_hal_tim.c 0x00000000   Number         0  stm32f1xx_hal_tim.o ABSOLUTE
    ..\Drivers\STM32F1xx_HAL_Driver\Src\stm32f1xx_hal_tim_ex.c 0x00000000   Number         0  stm32f1xx_hal_tim_ex.o ABSOLUTE
    ..\Drivers\STM32F1xx_HAL_Driver\Src\stm32f1xx_hal_uart.c 0x00000000   Number         0  stm32f1xx_hal_uart.o ABSOLUTE
    ..\Src\VL53L0X.c                         0x00000000   Number         0  vl53l0x.o ABSOLUTE
    ..\Src\main.c                            0x00000000   Number         0  main.o ABSOLUTE
    ..\Src\sd_hal_mpu6050.c                  0x00000000   Number         0  sd_hal_mpu6050.o ABSOLUTE
    ..\Src\stm32f1xx_hal_msp.c               0x00000000   Number         0  stm32f1xx_hal_msp.o ABSOLUTE
    ..\Src\stm32f1xx_it.c                    0x00000000   Number         0  stm32f1xx_it.o ABSOLUTE
    ..\Src\system_stm32f1xx.c                0x00000000   Number         0  system_stm32f1xx.o ABSOLUTE
    ..\\Src\\VL53L0X.c                       0x00000000   Number         0  vl53l0x.o ABSOLUTE
    ..\\Src\\sd_hal_mpu6050.c                0x00000000   Number         0  sd_hal_mpu6050.o ABSOLUTE
    cdcmple.s                                0x00000000   Number         0  cdcmple.o ABSOLUTE
    cdrcmple.s                               0x00000000   Number         0  cdrcmple.o ABSOLUTE
    dc.s                                     0x00000000   Number         0  dc.o ABSOLUTE
    handlers.s                               0x00000000   Number         0  handlers.o ABSOLUTE
    init.s                                   0x00000000   Number         0  init.o ABSOLUTE
    startup_stm32f103xb.s                    0x00000000   Number         0  startup_stm32f103xb.o ABSOLUTE
    RESET                                    0x08000000   Section      236  startup_stm32f103xb.o(RESET)
    .ARM.Collect$$$$00000000                 0x080000ec   Section        0  entry.o(.ARM.Collect$$$$00000000)
    .ARM.Collect$$$$00000001                 0x080000ec   Section        4  entry2.o(.ARM.Collect$$$$00000001)
    .ARM.Collect$$$$00000004                 0x080000f0   Section        4  entry5.o(.ARM.Collect$$$$00000004)
    .ARM.Collect$$$$00000008                 0x080000f4   Section        0  entry7b.o(.ARM.Collect$$$$00000008)
    .ARM.Collect$$$$0000000A                 0x080000f4   Section        0  entry8b.o(.ARM.Collect$$$$0000000A)
    .ARM.Collect$$$$0000000B                 0x080000f4   Section        8  entry9a.o(.ARM.Collect$$$$0000000B)
    .ARM.Collect$$$$0000000D                 0x080000fc   Section        0  entry10a.o(.ARM.Collect$$$$0000000D)
    .ARM.Collect$$$$0000000F                 0x080000fc   Section        0  entry11a.o(.ARM.Collect$$$$0000000F)
    .ARM.Collect$$$$00002712                 0x080000fc   Section        4  entry2.o(.ARM.Collect$$$$00002712)
    __lit__00000000                          0x080000fc   Data           4  entry2.o(.ARM.Collect$$$$00002712)
    .text                                    0x08000100   Section       36  startup_stm32f103xb.o(.text)
    .text                                    0x08000124   Section        0  llushr.o(.text)
    .text                                    0x08000144   Section        0  memseta.o(.text)
    .text                                    0x08000168   Section        0  fadd.o(.text)
    .text                                    0x08000218   Section        0  fmul.o(.text)
    .text                                    0x0800027c   Section        0  fdiv.o(.text)
    .text                                    0x080002f8   Section        0  fscalb.o(.text)
    .text                                    0x08000310   Section        0  dadd.o(.text)
    .text                                    0x0800045e   Section        0  dmul.o(.text)
    .text                                    0x08000542   Section        0  ddiv.o(.text)
    .text                                    0x08000620   Section        0  dscalb.o(.text)
    .text                                    0x0800064e   Section        0  dflti.o(.text)
    .text                                    0x08000670   Section        0  dfltui.o(.text)
    .text                                    0x0800068a   Section        0  ffixui.o(.text)
    .text                                    0x080006b2   Section        0  dfixi.o(.text)
    .text                                    0x080006f0   Section        0  dfixui.o(.text)
    .text                                    0x08000722   Section        0  f2d.o(.text)
    .text                                    0x08000748   Section       48  cdcmple.o(.text)
    .text                                    0x08000778   Section       48  cdrcmple.o(.text)
    .text                                    0x080007a8   Section        0  d2f.o(.text)
    .text                                    0x080007e0   Section        0  llshl.o(.text)
    .text                                    0x080007fe   Section        0  llsshr.o(.text)
    .text                                    0x08000822   Section        0  fepilogue.o(.text)
    .text                                    0x08000822   Section        0  iusefp.o(.text)
    .text                                    0x08000890   Section        0  depilogue.o(.text)
    .text                                    0x0800094a   Section        0  dsqrt.o(.text)
    .text                                    0x080009ec   Section       36  init.o(.text)
    .text                                    0x08000a10   Section        0  __dczerorl2.o(.text)
    i.ADC_ConversionStop_Disable             0x08000a68   Section        0  stm32f1xx_hal_adc.o(i.ADC_ConversionStop_Disable)
    i.ADC_DMAConvCplt                        0x08000ab4   Section        0  stm32f1xx_hal_adc.o(i.ADC_DMAConvCplt)
    i.ADC_DMAError                           0x08000b02   Section        0  stm32f1xx_hal_adc.o(i.ADC_DMAError)
    i.ADC_DMAHalfConvCplt                    0x08000b1c   Section        0  stm32f1xx_hal_adc.o(i.ADC_DMAHalfConvCplt)
    i.ADC_Enable                             0x08000b28   Section        0  stm32f1xx_hal_adc.o(i.ADC_Enable)
    i.BusFault_Handler                       0x08000b98   Section        0  stm32f1xx_it.o(i.BusFault_Handler)
    i.DMA1_Channel1_IRQHandler               0x08000b9c   Section        0  stm32f1xx_it.o(i.DMA1_Channel1_IRQHandler)
    i.DMA_SetConfig                          0x08000ba8   Section        0  stm32f1xx_hal_dma.o(i.DMA_SetConfig)
    DMA_SetConfig                            0x08000ba9   Thumb Code    42  stm32f1xx_hal_dma.o(i.DMA_SetConfig)
    i.DebugMon_Handler                       0x08000bd2   Section        0  stm32f1xx_it.o(i.DebugMon_Handler)
    i.Error_Handler                          0x08000bd4   Section        0  main.o(i.Error_Handler)
    i.HAL_ADC_ConfigChannel                  0x08000bd8   Section        0  stm32f1xx_hal_adc.o(i.HAL_ADC_ConfigChannel)
    i.HAL_ADC_ConvCpltCallback               0x08000cd4   Section        0  stm32f1xx_hal_adc.o(i.HAL_ADC_ConvCpltCallback)
    i.HAL_ADC_ConvHalfCpltCallback           0x08000cd6   Section        0  stm32f1xx_hal_adc.o(i.HAL_ADC_ConvHalfCpltCallback)
    i.HAL_ADC_ErrorCallback                  0x08000cd8   Section        0  stm32f1xx_hal_adc.o(i.HAL_ADC_ErrorCallback)
    i.HAL_ADC_Init                           0x08000cdc   Section        0  stm32f1xx_hal_adc.o(i.HAL_ADC_Init)
    i.HAL_ADC_MspInit                        0x08000df8   Section        0  stm32f1xx_hal_msp.o(i.HAL_ADC_MspInit)
    i.HAL_ADC_Start                          0x08000e84   Section        0  stm32f1xx_hal_adc.o(i.HAL_ADC_Start)
    i.HAL_ADC_Start_DMA                      0x08000f44   Section        0  stm32f1xx_hal_adc.o(i.HAL_ADC_Start_DMA)
    i.HAL_DMA_IRQHandler                     0x08001050   Section        0  stm32f1xx_hal_dma.o(i.HAL_DMA_IRQHandler)
    i.HAL_DMA_Init                           0x080011a4   Section        0  stm32f1xx_hal_dma.o(i.HAL_DMA_Init)
    i.HAL_DMA_Start_IT                       0x08001200   Section        0  stm32f1xx_hal_dma.o(i.HAL_DMA_Start_IT)
    i.HAL_Delay                              0x08001270   Section        0  stm32f1xx_hal.o(i.HAL_Delay)
    i.HAL_GPIO_Init                          0x08001294   Section        0  stm32f1xx_hal_gpio.o(i.HAL_GPIO_Init)
    i.HAL_GPIO_ReadPin                       0x08001474   Section        0  stm32f1xx_hal_gpio.o(i.HAL_GPIO_ReadPin)
    i.HAL_GPIO_WritePin                      0x0800147e   Section        0  stm32f1xx_hal_gpio.o(i.HAL_GPIO_WritePin)
    i.HAL_GetTick                            0x08001488   Section        0  stm32f1xx_hal.o(i.HAL_GetTick)
    i.HAL_I2C_Init                           0x08001494   Section        0  stm32f1xx_hal_i2c.o(i.HAL_I2C_Init)
    i.HAL_I2C_IsDeviceReady                  0x08001608   Section        0  stm32f1xx_hal_i2c.o(i.HAL_I2C_IsDeviceReady)
    i.HAL_I2C_Master_Receive                 0x08001760   Section        0  stm32f1xx_hal_i2c.o(i.HAL_I2C_Master_Receive)
    i.HAL_I2C_Master_Transmit                0x0800196c   Section        0  stm32f1xx_hal_i2c.o(i.HAL_I2C_Master_Transmit)
    i.HAL_I2C_MspInit                        0x08001a98   Section        0  stm32f1xx_hal_msp.o(i.HAL_I2C_MspInit)
    i.HAL_IncTick                            0x08001af4   Section        0  stm32f1xx_hal.o(i.HAL_IncTick)
    i.HAL_Init                               0x08001b04   Section        0  stm32f1xx_hal.o(i.HAL_Init)
    i.HAL_InitTick                           0x08001b28   Section        0  stm32f1xx_hal.o(i.HAL_InitTick)
    i.HAL_MspInit                            0x08001b68   Section        0  stm32f1xx_hal_msp.o(i.HAL_MspInit)
    i.HAL_NVIC_EnableIRQ                     0x08001ba4   Section        0  stm32f1xx_hal_cortex.o(i.HAL_NVIC_EnableIRQ)
    i.HAL_NVIC_SetPriority                   0x08001bc0   Section        0  stm32f1xx_hal_cortex.o(i.HAL_NVIC_SetPriority)
    i.HAL_NVIC_SetPriorityGrouping           0x08001c00   Section        0  stm32f1xx_hal_cortex.o(i.HAL_NVIC_SetPriorityGrouping)
    i.HAL_RCCEx_PeriphCLKConfig              0x08001c24   Section        0  stm32f1xx_hal_rcc_ex.o(i.HAL_RCCEx_PeriphCLKConfig)
    i.HAL_RCC_ClockConfig                    0x08001d10   Section        0  stm32f1xx_hal_rcc.o(i.HAL_RCC_ClockConfig)
    i.HAL_RCC_GetPCLK1Freq                   0x08001e3c   Section        0  stm32f1xx_hal_rcc.o(i.HAL_RCC_GetPCLK1Freq)
    i.HAL_RCC_GetPCLK2Freq                   0x08001e5c   Section        0  stm32f1xx_hal_rcc.o(i.HAL_RCC_GetPCLK2Freq)
    i.HAL_RCC_GetSysClockFreq                0x08001e7c   Section        0  stm32f1xx_hal_rcc.o(i.HAL_RCC_GetSysClockFreq)
    i.HAL_RCC_OscConfig                      0x08001ee8   Section        0  stm32f1xx_hal_rcc.o(i.HAL_RCC_OscConfig)
    i.HAL_SYSTICK_Config                     0x08002208   Section        0  stm32f1xx_hal_cortex.o(i.HAL_SYSTICK_Config)
    i.HAL_TIMEx_BreakCallback                0x08002230   Section        0  stm32f1xx_hal_tim_ex.o(i.HAL_TIMEx_BreakCallback)
    i.HAL_TIMEx_CommutCallback               0x08002232   Section        0  stm32f1xx_hal_tim_ex.o(i.HAL_TIMEx_CommutCallback)
    i.HAL_TIMEx_ConfigBreakDeadTime          0x08002234   Section        0  stm32f1xx_hal_tim_ex.o(i.HAL_TIMEx_ConfigBreakDeadTime)
    i.HAL_TIMEx_MasterConfigSynchronization  0x08002288   Section        0  stm32f1xx_hal_tim_ex.o(i.HAL_TIMEx_MasterConfigSynchronization)
    i.HAL_TIM_Base_Init                      0x080022ca   Section        0  stm32f1xx_hal_tim.o(i.HAL_TIM_Base_Init)
    i.HAL_TIM_Base_MspInit                   0x08002300   Section        0  stm32f1xx_hal_msp.o(i.HAL_TIM_Base_MspInit)
    i.HAL_TIM_Base_Start_IT                  0x08002350   Section        0  stm32f1xx_hal_tim.o(i.HAL_TIM_Base_Start_IT)
    i.HAL_TIM_ConfigClockSource              0x08002372   Section        0  stm32f1xx_hal_tim.o(i.HAL_TIM_ConfigClockSource)
    i.HAL_TIM_IC_CaptureCallback             0x08002448   Section        0  stm32f1xx_hal_tim.o(i.HAL_TIM_IC_CaptureCallback)
    i.HAL_TIM_IRQHandler                     0x0800244a   Section        0  stm32f1xx_hal_tim.o(i.HAL_TIM_IRQHandler)
    i.HAL_TIM_MspPostInit                    0x080025b0   Section        0  stm32f1xx_hal_msp.o(i.HAL_TIM_MspPostInit)
    i.HAL_TIM_OC_DelayElapsedCallback        0x080025fc   Section        0  stm32f1xx_hal_tim.o(i.HAL_TIM_OC_DelayElapsedCallback)
    i.HAL_TIM_PWM_ConfigChannel              0x080025fe   Section        0  stm32f1xx_hal_tim.o(i.HAL_TIM_PWM_ConfigChannel)
    i.HAL_TIM_PWM_Init                       0x080026ce   Section        0  stm32f1xx_hal_tim.o(i.HAL_TIM_PWM_Init)
    i.HAL_TIM_PWM_MspInit                    0x08002704   Section        0  stm32f1xx_hal_tim.o(i.HAL_TIM_PWM_MspInit)
    i.HAL_TIM_PWM_PulseFinishedCallback      0x08002706   Section        0  stm32f1xx_hal_tim.o(i.HAL_TIM_PWM_PulseFinishedCallback)
    i.HAL_TIM_PWM_Start                      0x08002708   Section        0  stm32f1xx_hal_tim.o(i.HAL_TIM_PWM_Start)
    i.HAL_TIM_PeriodElapsedCallback          0x08002740   Section        0  main.o(i.HAL_TIM_PeriodElapsedCallback)
    i.HAL_TIM_TriggerCallback                0x08002758   Section        0  stm32f1xx_hal_tim.o(i.HAL_TIM_TriggerCallback)
    i.HAL_UART_Init                          0x0800275a   Section        0  stm32f1xx_hal_uart.o(i.HAL_UART_Init)
    i.HAL_UART_MspInit                       0x080027bc   Section        0  stm32f1xx_hal_msp.o(i.HAL_UART_MspInit)
    i.HardFault_Handler                      0x0800282c   Section        0  stm32f1xx_it.o(i.HardFault_Handler)
    i.I2C_IsAcknowledgeFailed                0x0800282e   Section        0  stm32f1xx_hal_i2c.o(i.I2C_IsAcknowledgeFailed)
    I2C_IsAcknowledgeFailed                  0x0800282f   Thumb Code    46  stm32f1xx_hal_i2c.o(i.I2C_IsAcknowledgeFailed)
    i.I2C_MasterRequestRead                  0x0800285c   Section        0  stm32f1xx_hal_i2c.o(i.I2C_MasterRequestRead)
    I2C_MasterRequestRead                    0x0800285d   Thumb Code   212  stm32f1xx_hal_i2c.o(i.I2C_MasterRequestRead)
    i.I2C_MasterRequestWrite                 0x08002930   Section        0  stm32f1xx_hal_i2c.o(i.I2C_MasterRequestWrite)
    I2C_MasterRequestWrite                   0x08002931   Thumb Code   132  stm32f1xx_hal_i2c.o(i.I2C_MasterRequestWrite)
    i.I2C_WaitOnBTFFlagUntilTimeout          0x080029b8   Section        0  stm32f1xx_hal_i2c.o(i.I2C_WaitOnBTFFlagUntilTimeout)
    I2C_WaitOnBTFFlagUntilTimeout            0x080029b9   Thumb Code    76  stm32f1xx_hal_i2c.o(i.I2C_WaitOnBTFFlagUntilTimeout)
    i.I2C_WaitOnFlagUntilTimeout             0x08002a04   Section        0  stm32f1xx_hal_i2c.o(i.I2C_WaitOnFlagUntilTimeout)
    I2C_WaitOnFlagUntilTimeout               0x08002a05   Thumb Code   104  stm32f1xx_hal_i2c.o(i.I2C_WaitOnFlagUntilTimeout)
    i.I2C_WaitOnMasterAddressFlagUntilTimeout 0x08002a6c   Section        0  stm32f1xx_hal_i2c.o(i.I2C_WaitOnMasterAddressFlagUntilTimeout)
    I2C_WaitOnMasterAddressFlagUntilTimeout  0x08002a6d   Thumb Code   150  stm32f1xx_hal_i2c.o(i.I2C_WaitOnMasterAddressFlagUntilTimeout)
    i.I2C_WaitOnRXNEFlagUntilTimeout         0x08002b02   Section        0  stm32f1xx_hal_i2c.o(i.I2C_WaitOnRXNEFlagUntilTimeout)
    I2C_WaitOnRXNEFlagUntilTimeout           0x08002b03   Thumb Code   102  stm32f1xx_hal_i2c.o(i.I2C_WaitOnRXNEFlagUntilTimeout)
    i.I2C_WaitOnTXEFlagUntilTimeout          0x08002b68   Section        0  stm32f1xx_hal_i2c.o(i.I2C_WaitOnTXEFlagUntilTimeout)
    I2C_WaitOnTXEFlagUntilTimeout            0x08002b69   Thumb Code    76  stm32f1xx_hal_i2c.o(i.I2C_WaitOnTXEFlagUntilTimeout)
    i.Kalman                                 0x08002bb4   Section        0  main.o(i.Kalman)
    i.Leitura_Botoes                         0x08002d44   Section        0  main.o(i.Leitura_Botoes)
    i.MX_ADC1_Init                           0x08002e34   Section        0  main.o(i.MX_ADC1_Init)
    MX_ADC1_Init                             0x08002e35   Thumb Code    72  main.o(i.MX_ADC1_Init)
    i.MX_GPIO_Init                           0x08002e84   Section        0  main.o(i.MX_GPIO_Init)
    MX_GPIO_Init                             0x08002e85   Thumb Code   176  main.o(i.MX_GPIO_Init)
    i.MX_TIM1_Init                           0x08002f44   Section        0  main.o(i.MX_TIM1_Init)
    MX_TIM1_Init                             0x08002f45   Thumb Code   166  main.o(i.MX_TIM1_Init)
    i.MX_TIM2_Init                           0x08002ff4   Section        0  main.o(i.MX_TIM2_Init)
    MX_TIM2_Init                             0x08002ff5   Thumb Code    76  main.o(i.MX_TIM2_Init)
    i.MemManage_Handler                      0x08003044   Section        0  stm32f1xx_it.o(i.MemManage_Handler)
    i.Motor_AntiHorario                      0x08003048   Section        0  main.o(i.Motor_AntiHorario)
    i.Motor_Horario                          0x08003078   Section        0  main.o(i.Motor_Horario)
    i.Motor_Parar                            0x080030a8   Section        0  main.o(i.Motor_Parar)
    i.NMI_Handler                            0x080030d8   Section        0  stm32f1xx_it.o(i.NMI_Handler)
    i.PendSV_Handler                         0x080030da   Section        0  stm32f1xx_it.o(i.PendSV_Handler)
    i.Reset_MPU6050                          0x080030dc   Section        0  main.o(i.Reset_MPU6050)
    i.Reset_VL53L0X                          0x08003130   Section        0  main.o(i.Reset_VL53L0X)
    i.SD_MPU6050_Init                        0x080031a8   Section        0  sd_hal_mpu6050.o(i.SD_MPU6050_Init)
    i.SD_MPU6050_ReadAccelerometer           0x08003248   Section        0  sd_hal_mpu6050.o(i.SD_MPU6050_ReadAccelerometer)
    i.SD_MPU6050_ReadGyroscope               0x080032a0   Section        0  sd_hal_mpu6050.o(i.SD_MPU6050_ReadGyroscope)
    i.SD_MPU6050_SetAccelerometer            0x080032f8   Section        0  sd_hal_mpu6050.o(i.SD_MPU6050_SetAccelerometer)
    i.SD_MPU6050_SetDataRate                 0x08003384   Section        0  sd_hal_mpu6050.o(i.SD_MPU6050_SetDataRate)
    i.SD_MPU6050_SetGyroscope                0x080033ac   Section        0  sd_hal_mpu6050.o(i.SD_MPU6050_SetGyroscope)
    i.SVC_Handler                            0x08003440   Section        0  stm32f1xx_it.o(i.SVC_Handler)
    i.SysTick_Handler                        0x08003442   Section        0  stm32f1xx_it.o(i.SysTick_Handler)
    i.SystemClock_Config                     0x08003446   Section        0  main.o(i.SystemClock_Config)
    i.SystemInit                             0x080034a8   Section        0  system_stm32f1xx.o(i.SystemInit)
    i.TIM2_IRQHandler                        0x080034f0   Section        0  stm32f1xx_it.o(i.TIM2_IRQHandler)
    i.TIM_Base_SetConfig                     0x080034fc   Section        0  stm32f1xx_hal_tim.o(i.TIM_Base_SetConfig)
    i.TIM_CCxChannelCmd                      0x08003568   Section        0  stm32f1xx_hal_tim.o(i.TIM_CCxChannelCmd)
    i.TIM_ETR_SetConfig                      0x08003582   Section        0  stm32f1xx_hal_tim.o(i.TIM_ETR_SetConfig)
    i.TIM_ITRx_SetConfig                     0x08003596   Section        0  stm32f1xx_hal_tim.o(i.TIM_ITRx_SetConfig)
    TIM_ITRx_SetConfig                       0x08003597   Thumb Code    16  stm32f1xx_hal_tim.o(i.TIM_ITRx_SetConfig)
    i.TIM_OC1_SetConfig                      0x080035a8   Section        0  stm32f1xx_hal_tim.o(i.TIM_OC1_SetConfig)
    TIM_OC1_SetConfig                        0x080035a9   Thumb Code    74  stm32f1xx_hal_tim.o(i.TIM_OC1_SetConfig)
    i.TIM_OC2_SetConfig                      0x080035f8   Section        0  stm32f1xx_hal_tim.o(i.TIM_OC2_SetConfig)
    i.TIM_OC3_SetConfig                      0x08003650   Section        0  stm32f1xx_hal_tim.o(i.TIM_OC3_SetConfig)
    TIM_OC3_SetConfig                        0x08003651   Thumb Code    82  stm32f1xx_hal_tim.o(i.TIM_OC3_SetConfig)
    i.TIM_OC4_SetConfig                      0x080036a8   Section        0  stm32f1xx_hal_tim.o(i.TIM_OC4_SetConfig)
    TIM_OC4_SetConfig                        0x080036a9   Thumb Code    64  stm32f1xx_hal_tim.o(i.TIM_OC4_SetConfig)
    i.TIM_TI1_ConfigInputStage               0x080036ec   Section        0  stm32f1xx_hal_tim.o(i.TIM_TI1_ConfigInputStage)
    TIM_TI1_ConfigInputStage                 0x080036ed   Thumb Code    34  stm32f1xx_hal_tim.o(i.TIM_TI1_ConfigInputStage)
    i.TIM_TI2_ConfigInputStage               0x0800370e   Section        0  stm32f1xx_hal_tim.o(i.TIM_TI2_ConfigInputStage)
    TIM_TI2_ConfigInputStage                 0x0800370f   Thumb Code    36  stm32f1xx_hal_tim.o(i.TIM_TI2_ConfigInputStage)
    i.UART_SetConfig                         0x08003734   Section        0  stm32f1xx_hal_uart.o(i.UART_SetConfig)
    UART_SetConfig                           0x08003735   Thumb Code   178  stm32f1xx_hal_uart.o(i.UART_SetConfig)
    i.UsageFault_Handler                     0x080037ec   Section        0  stm32f1xx_it.o(i.UsageFault_Handler)
    i.VL53L0X_checkTimeoutExpired            0x080037ee   Section        0  vl53l0x.o(i.VL53L0X_checkTimeoutExpired)
    i.VL53L0X_decodeTimeout                  0x0800380c   Section        0  vl53l0x.o(i.VL53L0X_decodeTimeout)
    i.VL53L0X_encodeTimeout                  0x08003818   Section        0  vl53l0x.o(i.VL53L0X_encodeTimeout)
    i.VL53L0X_getMeasurementTimingBudget     0x08003834   Section        0  vl53l0x.o(i.VL53L0X_getMeasurementTimingBudget)
    i.VL53L0X_getSequenceStepEnables         0x0800389e   Section        0  vl53l0x.o(i.VL53L0X_getSequenceStepEnables)
    i.VL53L0X_getSequenceStepTimeouts        0x080038c6   Section        0  vl53l0x.o(i.VL53L0X_getSequenceStepTimeouts)
    i.VL53L0X_getSpadInfo                    0x0800392e   Section        0  vl53l0x.o(i.VL53L0X_getSpadInfo)
    i.VL53L0X_getVcselPulsePeriod            0x08003a32   Section        0  vl53l0x.o(i.VL53L0X_getVcselPulsePeriod)
    i.VL53L0X_init                           0x08003a50   Section        0  vl53l0x.o(i.VL53L0X_init)
    i.VL53L0X_performSingleRefCalibration    0x08003f38   Section        0  vl53l0x.o(i.VL53L0X_performSingleRefCalibration)
    i.VL53L0X_readMulti                      0x08003f7e   Section        0  vl53l0x.o(i.VL53L0X_readMulti)
    i.VL53L0X_readRangeContinuousMillimeters 0x08003fbe   Section        0  vl53l0x.o(i.VL53L0X_readRangeContinuousMillimeters)
    i.VL53L0X_readReg                        0x08004000   Section        0  vl53l0x.o(i.VL53L0X_readReg)
    i.VL53L0X_readReg16Bit                   0x08004040   Section        0  vl53l0x.o(i.VL53L0X_readReg16Bit)
    i.VL53L0X_setMeasurementTimingBudget     0x08004088   Section        0  vl53l0x.o(i.VL53L0X_setMeasurementTimingBudget)
    i.VL53L0X_setSignalRateLimit             0x0800412c   Section        0  vl53l0x.o(i.VL53L0X_setSignalRateLimit)
    i.VL53L0X_startContinuous                0x08004160   Section        0  vl53l0x.o(i.VL53L0X_startContinuous)
    i.VL53L0X_stopContinuous                 0x080041d4   Section        0  vl53l0x.o(i.VL53L0X_stopContinuous)
    i.VL53L0X_timeoutMclksToMicroseconds     0x08004216   Section        0  vl53l0x.o(i.VL53L0X_timeoutMclksToMicroseconds)
    i.VL53L0X_timeoutMicrosecondsToMclks     0x08004236   Section        0  vl53l0x.o(i.VL53L0X_timeoutMicrosecondsToMclks)
    i.VL53L0X_timeoutOccurred                0x08004256   Section        0  vl53l0x.o(i.VL53L0X_timeoutOccurred)
    i.VL53L0X_writeMulti                     0x08004260   Section        0  vl53l0x.o(i.VL53L0X_writeMulti)
    i.VL53L0X_writeReg                       0x080042a0   Section        0  vl53l0x.o(i.VL53L0X_writeReg)
    i.VL53L0X_writeReg16Bit                  0x080042ca   Section        0  vl53l0x.o(i.VL53L0X_writeReg16Bit)
    i.VL53L0X_writeReg32Bit                  0x080042fa   Section        0  vl53l0x.o(i.VL53L0X_writeReg32Bit)
    i.__ARM_fpclassify                       0x08004336   Section        0  fpclassify.o(i.__ARM_fpclassify)
    i.__NVIC_SetPriority                     0x0800435e   Section        0  stm32f1xx_hal_cortex.o(i.__NVIC_SetPriority)
    __NVIC_SetPriority                       0x0800435f   Thumb Code    32  stm32f1xx_hal_cortex.o(i.__NVIC_SetPriority)
    i.__kernel_poly                          0x0800437e   Section        0  poly.o(i.__kernel_poly)
    i.__mathlib_dbl_infnan                   0x08004428   Section        0  dunder.o(i.__mathlib_dbl_infnan)
    i.__mathlib_dbl_infnan2                  0x0800442e   Section        0  dunder.o(i.__mathlib_dbl_infnan2)
    i.__mathlib_dbl_underflow                0x08004434   Section        0  dunder.o(i.__mathlib_dbl_underflow)
    i.__scatterload_copy                     0x08004444   Section       14  handlers.o(i.__scatterload_copy)
    i.__scatterload_null                     0x08004452   Section        2  handlers.o(i.__scatterload_null)
    i.__scatterload_zeroinit                 0x08004454   Section       14  handlers.o(i.__scatterload_zeroinit)
    i.__set_errno                            0x08004464   Section        0  errno.o(i.__set_errno)
    i.atan                                   0x08004470   Section        0  atan.o(i.atan)
    i.atan2                                  0x08004690   Section        0  atan2.o(i.atan2)
    i.main                                   0x08004810   Section        0  main.o(i.main)
    i.sqrt                                   0x080050f8   Section        0  sqrt.o(i.sqrt)
    .constdata                               0x08005144   Section       16  system_stm32f1xx.o(.constdata)
    .constdata                               0x08005154   Section        8  system_stm32f1xx.o(.constdata)
    .constdata                               0x08005160   Section      152  atan.o(.constdata)
    atanhi                                   0x08005160   Data          32  atan.o(.constdata)
    atanlo                                   0x08005180   Data          32  atan.o(.constdata)
    aTodd                                    0x080051a0   Data          40  atan.o(.constdata)
    aTeven                                   0x080051c8   Data          48  atan.o(.constdata)
    .constdata                               0x080051f8   Section        8  qnan.o(.constdata)
    .data                                    0x20000000   Section      508  main.o(.data)
    .data                                    0x200001fc   Section       12  stm32f1xx_hal.o(.data)
    .data                                    0x20000208   Section        4  system_stm32f1xx.o(.data)
    .data                                    0x2000020c   Section        4  errno.o(.data)
    _errno                                   0x2000020c   Data           4  errno.o(.data)
    .bss                                     0x20000210   Section      448  main.o(.bss)
    .bss                                     0x200003d0   Section       68  main.o(.bss)
    STACK                                    0x20000418   Section     1024  startup_stm32f103xb.o(STACK)

    Global Symbols

    Symbol Name                              Value     Ov Type        Size  Object(Section)

    BuildAttributes$$THM_ISAv4$P$D$K$B$S$PE$A:L22UL41UL21$X:L11$S22US41US21$IEEE1$IW$USESV6$~STKCKD$USESV7$~SHL$OTIME$ROPI$IEEEX$EBA8$MICROLIB$REQ8$PRES8$EABIv2 0x00000000   Number         0  anon$$obj.o ABSOLUTE
    __ARM_use_no_argv                        0x00000000   Number         0  main.o ABSOLUTE
    __cpp_initialize__aeabi_                  - Undefined Weak Reference
    __cxa_finalize                            - Undefined Weak Reference
    _clock_init                               - Undefined Weak Reference
    _microlib_exit                            - Undefined Weak Reference
    __Vectors_Size                           0x000000ec   Number         0  startup_stm32f103xb.o ABSOLUTE
    __Vectors                                0x08000000   Data           4  startup_stm32f103xb.o(RESET)
    __Vectors_End                            0x080000ec   Data           0  startup_stm32f103xb.o(RESET)
    __main                                   0x080000ed   Thumb Code     0  entry.o(.ARM.Collect$$$$00000000)
    _main_stk                                0x080000ed   Thumb Code     0  entry2.o(.ARM.Collect$$$$00000001)
    _main_scatterload                        0x080000f1   Thumb Code     0  entry5.o(.ARM.Collect$$$$00000004)
    __main_after_scatterload                 0x080000f5   Thumb Code     0  entry5.o(.ARM.Collect$$$$00000004)
    _main_clock                              0x080000f5   Thumb Code     0  entry7b.o(.ARM.Collect$$$$00000008)
    _main_cpp_init                           0x080000f5   Thumb Code     0  entry8b.o(.ARM.Collect$$$$0000000A)
    _main_init                               0x080000f5   Thumb Code     0  entry9a.o(.ARM.Collect$$$$0000000B)
    __rt_final_cpp                           0x080000fd   Thumb Code     0  entry10a.o(.ARM.Collect$$$$0000000D)
    __rt_final_exit                          0x080000fd   Thumb Code     0  entry11a.o(.ARM.Collect$$$$0000000F)
    Reset_Handler                            0x08000101   Thumb Code     8  startup_stm32f103xb.o(.text)
    ADC1_2_IRQHandler                        0x0800011b   Thumb Code     0  startup_stm32f103xb.o(.text)
    CAN1_RX1_IRQHandler                      0x0800011b   Thumb Code     0  startup_stm32f103xb.o(.text)
    CAN1_SCE_IRQHandler                      0x0800011b   Thumb Code     0  startup_stm32f103xb.o(.text)
    DMA1_Channel2_IRQHandler                 0x0800011b   Thumb Code     0  startup_stm32f103xb.o(.text)
    DMA1_Channel3_IRQHandler                 0x0800011b   Thumb Code     0  startup_stm32f103xb.o(.text)
    DMA1_Channel4_IRQHandler                 0x0800011b   Thumb Code     0  startup_stm32f103xb.o(.text)
    DMA1_Channel5_IRQHandler                 0x0800011b   Thumb Code     0  startup_stm32f103xb.o(.text)
    DMA1_Channel6_IRQHandler                 0x0800011b   Thumb Code     0  startup_stm32f103xb.o(.text)
    DMA1_Channel7_IRQHandler                 0x0800011b   Thumb Code     0  startup_stm32f103xb.o(.text)
    EXTI0_IRQHandler                         0x0800011b   Thumb Code     0  startup_stm32f103xb.o(.text)
    EXTI15_10_IRQHandler                     0x0800011b   Thumb Code     0  startup_stm32f103xb.o(.text)
    EXTI1_IRQHandler                         0x0800011b   Thumb Code     0  startup_stm32f103xb.o(.text)
    EXTI2_IRQHandler                         0x0800011b   Thumb Code     0  startup_stm32f103xb.o(.text)
    EXTI3_IRQHandler                         0x0800011b   Thumb Code     0  startup_stm32f103xb.o(.text)
    EXTI4_IRQHandler                         0x0800011b   Thumb Code     0  startup_stm32f103xb.o(.text)
    EXTI9_5_IRQHandler                       0x0800011b   Thumb Code     0  startup_stm32f103xb.o(.text)
    FLASH_IRQHandler                         0x0800011b   Thumb Code     0  startup_stm32f103xb.o(.text)
    I2C1_ER_IRQHandler                       0x0800011b   Thumb Code     0  startup_stm32f103xb.o(.text)
    I2C1_EV_IRQHandler                       0x0800011b   Thumb Code     0  startup_stm32f103xb.o(.text)
    I2C2_ER_IRQHandler                       0x0800011b   Thumb Code     0  startup_stm32f103xb.o(.text)
    I2C2_EV_IRQHandler                       0x0800011b   Thumb Code     0  startup_stm32f103xb.o(.text)
    PVD_IRQHandler                           0x0800011b   Thumb Code     0  startup_stm32f103xb.o(.text)
    RCC_IRQHandler                           0x0800011b   Thumb Code     0  startup_stm32f103xb.o(.text)
    RTC_Alarm_IRQHandler                     0x0800011b   Thumb Code     0  startup_stm32f103xb.o(.text)
    RTC_IRQHandler                           0x0800011b   Thumb Code     0  startup_stm32f103xb.o(.text)
    SPI1_IRQHandler                          0x0800011b   Thumb Code     0  startup_stm32f103xb.o(.text)
    SPI2_IRQHandler                          0x0800011b   Thumb Code     0  startup_stm32f103xb.o(.text)
    TAMPER_IRQHandler                        0x0800011b   Thumb Code     0  startup_stm32f103xb.o(.text)
    TIM1_BRK_IRQHandler                      0x0800011b   Thumb Code     0  startup_stm32f103xb.o(.text)
    TIM1_CC_IRQHandler                       0x0800011b   Thumb Code     0  startup_stm32f103xb.o(.text)
    TIM1_TRG_COM_IRQHandler                  0x0800011b   Thumb Code     0  startup_stm32f103xb.o(.text)
    TIM1_UP_IRQHandler                       0x0800011b   Thumb Code     0  startup_stm32f103xb.o(.text)
    TIM3_IRQHandler                          0x0800011b   Thumb Code     0  startup_stm32f103xb.o(.text)
    TIM4_IRQHandler                          0x0800011b   Thumb Code     0  startup_stm32f103xb.o(.text)
    USART1_IRQHandler                        0x0800011b   Thumb Code     0  startup_stm32f103xb.o(.text)
    USART2_IRQHandler                        0x0800011b   Thumb Code     0  startup_stm32f103xb.o(.text)
    USART3_IRQHandler                        0x0800011b   Thumb Code     0  startup_stm32f103xb.o(.text)
    USBWakeUp_IRQHandler                     0x0800011b   Thumb Code     0  startup_stm32f103xb.o(.text)
    USB_HP_CAN1_TX_IRQHandler                0x0800011b   Thumb Code     0  startup_stm32f103xb.o(.text)
    USB_LP_CAN1_RX0_IRQHandler               0x0800011b   Thumb Code     0  startup_stm32f103xb.o(.text)
    WWDG_IRQHandler                          0x0800011b   Thumb Code     0  startup_stm32f103xb.o(.text)
    __aeabi_llsr                             0x08000125   Thumb Code    32  llushr.o(.text)
    _ll_ushift_r                             0x08000125   Thumb Code     0  llushr.o(.text)
    __aeabi_memset                           0x08000145   Thumb Code    14  memseta.o(.text)
    __aeabi_memset4                          0x08000145   Thumb Code     0  memseta.o(.text)
    __aeabi_memset8                          0x08000145   Thumb Code     0  memseta.o(.text)
    __aeabi_memclr                           0x08000153   Thumb Code     4  memseta.o(.text)
    __aeabi_memclr4                          0x08000153   Thumb Code     0  memseta.o(.text)
    __aeabi_memclr8                          0x08000153   Thumb Code     0  memseta.o(.text)
    _memset$wrapper                          0x08000157   Thumb Code    18  memseta.o(.text)
    __aeabi_fadd                             0x08000169   Thumb Code   164  fadd.o(.text)
    __aeabi_fsub                             0x0800020d   Thumb Code     6  fadd.o(.text)
    __aeabi_frsub                            0x08000213   Thumb Code     6  fadd.o(.text)
    __aeabi_fmul                             0x08000219   Thumb Code   100  fmul.o(.text)
    __aeabi_fdiv                             0x0800027d   Thumb Code   124  fdiv.o(.text)
    __ARM_scalbnf                            0x080002f9   Thumb Code    24  fscalb.o(.text)
    scalbnf                                  0x080002f9   Thumb Code     0  fscalb.o(.text)
    __aeabi_dadd                             0x08000311   Thumb Code   322  dadd.o(.text)
    __aeabi_dsub                             0x08000453   Thumb Code     6  dadd.o(.text)
    __aeabi_drsub                            0x08000459   Thumb Code     6  dadd.o(.text)
    __aeabi_dmul                             0x0800045f   Thumb Code   228  dmul.o(.text)
    __aeabi_ddiv                             0x08000543   Thumb Code   222  ddiv.o(.text)
    __ARM_scalbn                             0x08000621   Thumb Code    46  dscalb.o(.text)
    scalbn                                   0x08000621   Thumb Code     0  dscalb.o(.text)
    __aeabi_i2d                              0x0800064f   Thumb Code    34  dflti.o(.text)
    __aeabi_ui2d                             0x08000671   Thumb Code    26  dfltui.o(.text)
    __aeabi_f2uiz                            0x0800068b   Thumb Code    40  ffixui.o(.text)
    __aeabi_d2iz                             0x080006b3   Thumb Code    62  dfixi.o(.text)
    __aeabi_d2uiz                            0x080006f1   Thumb Code    50  dfixui.o(.text)
    __aeabi_f2d                              0x08000723   Thumb Code    38  f2d.o(.text)
    __aeabi_cdcmpeq                          0x08000749   Thumb Code     0  cdcmple.o(.text)
    __aeabi_cdcmple                          0x08000749   Thumb Code    48  cdcmple.o(.text)
    __aeabi_cdrcmple                         0x08000779   Thumb Code    48  cdrcmple.o(.text)
    __aeabi_d2f                              0x080007a9   Thumb Code    56  d2f.o(.text)
    __aeabi_llsl                             0x080007e1   Thumb Code    30  llshl.o(.text)
    _ll_shift_l                              0x080007e1   Thumb Code     0  llshl.o(.text)
    __aeabi_lasr                             0x080007ff   Thumb Code    36  llsshr.o(.text)
    _ll_sshift_r                             0x080007ff   Thumb Code     0  llsshr.o(.text)
    __I$use$fp                               0x08000823   Thumb Code     0  iusefp.o(.text)
    _float_round                             0x08000823   Thumb Code    18  fepilogue.o(.text)
    _float_epilogue                          0x08000835   Thumb Code    92  fepilogue.o(.text)
    _double_round                            0x08000891   Thumb Code    30  depilogue.o(.text)
    _double_epilogue                         0x080008af   Thumb Code   156  depilogue.o(.text)
    _dsqrt                                   0x0800094b   Thumb Code   162  dsqrt.o(.text)
    __scatterload                            0x080009ed   Thumb Code    28  init.o(.text)
    __scatterload_rt2                        0x080009ed   Thumb Code     0  init.o(.text)
    __decompress                             0x08000a11   Thumb Code     0  __dczerorl2.o(.text)
    __decompress1                            0x08000a11   Thumb Code    86  __dczerorl2.o(.text)
    ADC_ConversionStop_Disable               0x08000a69   Thumb Code    76  stm32f1xx_hal_adc.o(i.ADC_ConversionStop_Disable)
    ADC_DMAConvCplt                          0x08000ab5   Thumb Code    78  stm32f1xx_hal_adc.o(i.ADC_DMAConvCplt)
    ADC_DMAError                             0x08000b03   Thumb Code    26  stm32f1xx_hal_adc.o(i.ADC_DMAError)
    ADC_DMAHalfConvCplt                      0x08000b1d   Thumb Code    10  stm32f1xx_hal_adc.o(i.ADC_DMAHalfConvCplt)
    ADC_Enable                               0x08000b29   Thumb Code   104  stm32f1xx_hal_adc.o(i.ADC_Enable)
    BusFault_Handler                         0x08000b99   Thumb Code     2  stm32f1xx_it.o(i.BusFault_Handler)
    DMA1_Channel1_IRQHandler                 0x08000b9d   Thumb Code     6  stm32f1xx_it.o(i.DMA1_Channel1_IRQHandler)
    DebugMon_Handler                         0x08000bd3   Thumb Code     2  stm32f1xx_it.o(i.DebugMon_Handler)
    Error_Handler                            0x08000bd5   Thumb Code     2  main.o(i.Error_Handler)
    HAL_ADC_ConfigChannel                    0x08000bd9   Thumb Code   240  stm32f1xx_hal_adc.o(i.HAL_ADC_ConfigChannel)
    HAL_ADC_ConvCpltCallback                 0x08000cd5   Thumb Code     2  stm32f1xx_hal_adc.o(i.HAL_ADC_ConvCpltCallback)
    HAL_ADC_ConvHalfCpltCallback             0x08000cd7   Thumb Code     2  stm32f1xx_hal_adc.o(i.HAL_ADC_ConvHalfCpltCallback)
    HAL_ADC_ErrorCallback                    0x08000cd9   Thumb Code     2  stm32f1xx_hal_adc.o(i.HAL_ADC_ErrorCallback)
    HAL_ADC_Init                             0x08000cdd   Thumb Code   272  stm32f1xx_hal_adc.o(i.HAL_ADC_Init)
    HAL_ADC_MspInit                          0x08000df9   Thumb Code   120  stm32f1xx_hal_msp.o(i.HAL_ADC_MspInit)
    HAL_ADC_Start                            0x08000e85   Thumb Code   184  stm32f1xx_hal_adc.o(i.HAL_ADC_Start)
    HAL_ADC_Start_DMA                        0x08000f45   Thumb Code   246  stm32f1xx_hal_adc.o(i.HAL_ADC_Start_DMA)
    HAL_DMA_IRQHandler                       0x08001051   Thumb Code   316  stm32f1xx_hal_dma.o(i.HAL_DMA_IRQHandler)
    HAL_DMA_Init                             0x080011a5   Thumb Code    84  stm32f1xx_hal_dma.o(i.HAL_DMA_Init)
    HAL_DMA_Start_IT                         0x08001201   Thumb Code   112  stm32f1xx_hal_dma.o(i.HAL_DMA_Start_IT)
    HAL_Delay                                0x08001271   Thumb Code    32  stm32f1xx_hal.o(i.HAL_Delay)
    HAL_GPIO_Init                            0x08001295   Thumb Code   446  stm32f1xx_hal_gpio.o(i.HAL_GPIO_Init)
    HAL_GPIO_ReadPin                         0x08001475   Thumb Code    10  stm32f1xx_hal_gpio.o(i.HAL_GPIO_ReadPin)
    HAL_GPIO_WritePin                        0x0800147f   Thumb Code    10  stm32f1xx_hal_gpio.o(i.HAL_GPIO_WritePin)
    HAL_GetTick                              0x08001489   Thumb Code     6  stm32f1xx_hal.o(i.HAL_GetTick)
    HAL_I2C_Init                             0x08001495   Thumb Code   356  stm32f1xx_hal_i2c.o(i.HAL_I2C_Init)
    HAL_I2C_IsDeviceReady                    0x08001609   Thumb Code   336  stm32f1xx_hal_i2c.o(i.HAL_I2C_IsDeviceReady)
    HAL_I2C_Master_Receive                   0x08001761   Thumb Code   512  stm32f1xx_hal_i2c.o(i.HAL_I2C_Master_Receive)
    HAL_I2C_Master_Transmit                  0x0800196d   Thumb Code   290  stm32f1xx_hal_i2c.o(i.HAL_I2C_Master_Transmit)
    HAL_I2C_MspInit                          0x08001a99   Thumb Code    80  stm32f1xx_hal_msp.o(i.HAL_I2C_MspInit)
    HAL_IncTick                              0x08001af5   Thumb Code    12  stm32f1xx_hal.o(i.HAL_IncTick)
    HAL_Init                                 0x08001b05   Thumb Code    32  stm32f1xx_hal.o(i.HAL_Init)
    HAL_InitTick                             0x08001b29   Thumb Code    54  stm32f1xx_hal.o(i.HAL_InitTick)
    HAL_MspInit                              0x08001b69   Thumb Code    52  stm32f1xx_hal_msp.o(i.HAL_MspInit)
    HAL_NVIC_EnableIRQ                       0x08001ba5   Thumb Code    26  stm32f1xx_hal_cortex.o(i.HAL_NVIC_EnableIRQ)
    HAL_NVIC_SetPriority                     0x08001bc1   Thumb Code    60  stm32f1xx_hal_cortex.o(i.HAL_NVIC_SetPriority)
    HAL_NVIC_SetPriorityGrouping             0x08001c01   Thumb Code    26  stm32f1xx_hal_cortex.o(i.HAL_NVIC_SetPriorityGrouping)
    HAL_RCCEx_PeriphCLKConfig                0x08001c25   Thumb Code   224  stm32f1xx_hal_rcc_ex.o(i.HAL_RCCEx_PeriphCLKConfig)
    HAL_RCC_ClockConfig                      0x08001d11   Thumb Code   280  stm32f1xx_hal_rcc.o(i.HAL_RCC_ClockConfig)
    HAL_RCC_GetPCLK1Freq                     0x08001e3d   Thumb Code    20  stm32f1xx_hal_rcc.o(i.HAL_RCC_GetPCLK1Freq)
    HAL_RCC_GetPCLK2Freq                     0x08001e5d   Thumb Code    20  stm32f1xx_hal_rcc.o(i.HAL_RCC_GetPCLK2Freq)
    HAL_RCC_GetSysClockFreq                  0x08001e7d   Thumb Code    74  stm32f1xx_hal_rcc.o(i.HAL_RCC_GetSysClockFreq)
    HAL_RCC_OscConfig                        0x08001ee9   Thumb Code   778  stm32f1xx_hal_rcc.o(i.HAL_RCC_OscConfig)
    HAL_SYSTICK_Config                       0x08002209   Thumb Code    40  stm32f1xx_hal_cortex.o(i.HAL_SYSTICK_Config)
    HAL_TIMEx_BreakCallback                  0x08002231   Thumb Code     2  stm32f1xx_hal_tim_ex.o(i.HAL_TIMEx_BreakCallback)
    HAL_TIMEx_CommutCallback                 0x08002233   Thumb Code     2  stm32f1xx_hal_tim_ex.o(i.HAL_TIMEx_CommutCallback)
    HAL_TIMEx_ConfigBreakDeadTime            0x08002235   Thumb Code    84  stm32f1xx_hal_tim_ex.o(i.HAL_TIMEx_ConfigBreakDeadTime)
    HAL_TIMEx_MasterConfigSynchronization    0x08002289   Thumb Code    66  stm32f1xx_hal_tim_ex.o(i.HAL_TIMEx_MasterConfigSynchronization)
    HAL_TIM_Base_Init                        0x080022cb   Thumb Code    54  stm32f1xx_hal_tim.o(i.HAL_TIM_Base_Init)
    HAL_TIM_Base_MspInit                     0x08002301   Thumb Code    72  stm32f1xx_hal_msp.o(i.HAL_TIM_Base_MspInit)
    HAL_TIM_Base_Start_IT                    0x08002351   Thumb Code    34  stm32f1xx_hal_tim.o(i.HAL_TIM_Base_Start_IT)
    HAL_TIM_ConfigClockSource                0x08002373   Thumb Code   214  stm32f1xx_hal_tim.o(i.HAL_TIM_ConfigClockSource)
    HAL_TIM_IC_CaptureCallback               0x08002449   Thumb Code     2  stm32f1xx_hal_tim.o(i.HAL_TIM_IC_CaptureCallback)
    HAL_TIM_IRQHandler                       0x0800244b   Thumb Code   358  stm32f1xx_hal_tim.o(i.HAL_TIM_IRQHandler)
    HAL_TIM_MspPostInit                      0x080025b1   Thumb Code    64  stm32f1xx_hal_msp.o(i.HAL_TIM_MspPostInit)
    HAL_TIM_OC_DelayElapsedCallback          0x080025fd   Thumb Code     2  stm32f1xx_hal_tim.o(i.HAL_TIM_OC_DelayElapsedCallback)
    HAL_TIM_PWM_ConfigChannel                0x080025ff   Thumb Code   208  stm32f1xx_hal_tim.o(i.HAL_TIM_PWM_ConfigChannel)
    HAL_TIM_PWM_Init                         0x080026cf   Thumb Code    54  stm32f1xx_hal_tim.o(i.HAL_TIM_PWM_Init)
    HAL_TIM_PWM_MspInit                      0x08002705   Thumb Code     2  stm32f1xx_hal_tim.o(i.HAL_TIM_PWM_MspInit)
    HAL_TIM_PWM_PulseFinishedCallback        0x08002707   Thumb Code     2  stm32f1xx_hal_tim.o(i.HAL_TIM_PWM_PulseFinishedCallback)
    HAL_TIM_PWM_Start                        0x08002709   Thumb Code    52  stm32f1xx_hal_tim.o(i.HAL_TIM_PWM_Start)
    HAL_TIM_PeriodElapsedCallback            0x08002741   Thumb Code    18  main.o(i.HAL_TIM_PeriodElapsedCallback)
    HAL_TIM_TriggerCallback                  0x08002759   Thumb Code     2  stm32f1xx_hal_tim.o(i.HAL_TIM_TriggerCallback)
    HAL_UART_Init                            0x0800275b   Thumb Code    98  stm32f1xx_hal_uart.o(i.HAL_UART_Init)
    HAL_UART_MspInit                         0x080027bd   Thumb Code   100  stm32f1xx_hal_msp.o(i.HAL_UART_MspInit)
    HardFault_Handler                        0x0800282d   Thumb Code     2  stm32f1xx_it.o(i.HardFault_Handler)
    Kalman                                   0x08002bb5   Thumb Code   390  main.o(i.Kalman)
    Leitura_Botoes                           0x08002d45   Thumb Code   230  main.o(i.Leitura_Botoes)
    MemManage_Handler                        0x08003045   Thumb Code     2  stm32f1xx_it.o(i.MemManage_Handler)
    Motor_AntiHorario                        0x08003049   Thumb Code    38  main.o(i.Motor_AntiHorario)
    Motor_Horario                            0x08003079   Thumb Code    40  main.o(i.Motor_Horario)
    Motor_Parar                              0x080030a9   Thumb Code    40  main.o(i.Motor_Parar)
    NMI_Handler                              0x080030d9   Thumb Code     2  stm32f1xx_it.o(i.NMI_Handler)
    PendSV_Handler                           0x080030db   Thumb Code     2  stm32f1xx_it.o(i.PendSV_Handler)
    Reset_MPU6050                            0x080030dd   Thumb Code    70  main.o(i.Reset_MPU6050)
    Reset_VL53L0X                            0x08003131   Thumb Code   106  main.o(i.Reset_VL53L0X)
    SD_MPU6050_Init                          0x080031a9   Thumb Code   160  sd_hal_mpu6050.o(i.SD_MPU6050_Init)
    SD_MPU6050_ReadAccelerometer             0x08003249   Thumb Code    88  sd_hal_mpu6050.o(i.SD_MPU6050_ReadAccelerometer)
    SD_MPU6050_ReadGyroscope                 0x080032a1   Thumb Code    88  sd_hal_mpu6050.o(i.SD_MPU6050_ReadGyroscope)
    SD_MPU6050_SetAccelerometer              0x080032f9   Thumb Code   140  sd_hal_mpu6050.o(i.SD_MPU6050_SetAccelerometer)
    SD_MPU6050_SetDataRate                   0x08003385   Thumb Code    40  sd_hal_mpu6050.o(i.SD_MPU6050_SetDataRate)
    SD_MPU6050_SetGyroscope                  0x080033ad   Thumb Code   132  sd_hal_mpu6050.o(i.SD_MPU6050_SetGyroscope)
    SVC_Handler                              0x08003441   Thumb Code     2  stm32f1xx_it.o(i.SVC_Handler)
    SysTick_Handler                          0x08003443   Thumb Code     4  stm32f1xx_it.o(i.SysTick_Handler)
    SystemClock_Config                       0x08003447   Thumb Code    96  main.o(i.SystemClock_Config)
    SystemInit                               0x080034a9   Thumb Code    56  system_stm32f1xx.o(i.SystemInit)
    TIM2_IRQHandler                          0x080034f1   Thumb Code     6  stm32f1xx_it.o(i.TIM2_IRQHandler)
    TIM_Base_SetConfig                       0x080034fd   Thumb Code    94  stm32f1xx_hal_tim.o(i.TIM_Base_SetConfig)
    TIM_CCxChannelCmd                        0x08003569   Thumb Code    26  stm32f1xx_hal_tim.o(i.TIM_CCxChannelCmd)
    TIM_ETR_SetConfig                        0x08003583   Thumb Code    20  stm32f1xx_hal_tim.o(i.TIM_ETR_SetConfig)
    TIM_OC2_SetConfig                        0x080035f9   Thumb Code    84  stm32f1xx_hal_tim.o(i.TIM_OC2_SetConfig)
    UsageFault_Handler                       0x080037ed   Thumb Code     2  stm32f1xx_it.o(i.UsageFault_Handler)
    VL53L0X_checkTimeoutExpired              0x080037ef   Thumb Code    30  vl53l0x.o(i.VL53L0X_checkTimeoutExpired)
    VL53L0X_decodeTimeout                    0x0800380d   Thumb Code    12  vl53l0x.o(i.VL53L0X_decodeTimeout)
    VL53L0X_encodeTimeout                    0x08003819   Thumb Code    28  vl53l0x.o(i.VL53L0X_encodeTimeout)
    VL53L0X_getMeasurementTimingBudget       0x08003835   Thumb Code   106  vl53l0x.o(i.VL53L0X_getMeasurementTimingBudget)
    VL53L0X_getSequenceStepEnables           0x0800389f   Thumb Code    40  vl53l0x.o(i.VL53L0X_getSequenceStepEnables)
    VL53L0X_getSequenceStepTimeouts          0x080038c7   Thumb Code   104  vl53l0x.o(i.VL53L0X_getSequenceStepTimeouts)
    VL53L0X_getSpadInfo                      0x0800392f   Thumb Code   260  vl53l0x.o(i.VL53L0X_getSpadInfo)
    VL53L0X_getVcselPulsePeriod              0x08003a33   Thumb Code    30  vl53l0x.o(i.VL53L0X_getVcselPulsePeriod)
    VL53L0X_init                             0x08003a51   Thumb Code  1256  vl53l0x.o(i.VL53L0X_init)
    VL53L0X_performSingleRefCalibration      0x08003f39   Thumb Code    70  vl53l0x.o(i.VL53L0X_performSingleRefCalibration)
    VL53L0X_readMulti                        0x08003f7f   Thumb Code    64  vl53l0x.o(i.VL53L0X_readMulti)
    VL53L0X_readRangeContinuousMillimeters   0x08003fbf   Thumb Code    66  vl53l0x.o(i.VL53L0X_readRangeContinuousMillimeters)
    VL53L0X_readReg                          0x08004001   Thumb Code    64  vl53l0x.o(i.VL53L0X_readReg)
    VL53L0X_readReg16Bit                     0x08004041   Thumb Code    72  vl53l0x.o(i.VL53L0X_readReg16Bit)
    VL53L0X_setMeasurementTimingBudget       0x08004089   Thumb Code   164  vl53l0x.o(i.VL53L0X_setMeasurementTimingBudget)
    VL53L0X_setSignalRateLimit               0x0800412d   Thumb Code    48  vl53l0x.o(i.VL53L0X_setSignalRateLimit)
    VL53L0X_startContinuous                  0x08004161   Thumb Code   116  vl53l0x.o(i.VL53L0X_startContinuous)
    VL53L0X_stopContinuous                   0x080041d5   Thumb Code    66  vl53l0x.o(i.VL53L0X_stopContinuous)
    VL53L0X_timeoutMclksToMicroseconds       0x08004217   Thumb Code    32  vl53l0x.o(i.VL53L0X_timeoutMclksToMicroseconds)
    VL53L0X_timeoutMicrosecondsToMclks       0x08004237   Thumb Code    32  vl53l0x.o(i.VL53L0X_timeoutMicrosecondsToMclks)
    VL53L0X_timeoutOccurred                  0x08004257   Thumb Code    10  vl53l0x.o(i.VL53L0X_timeoutOccurred)
    VL53L0X_writeMulti                       0x08004261   Thumb Code    64  vl53l0x.o(i.VL53L0X_writeMulti)
    VL53L0X_writeReg                         0x080042a1   Thumb Code    42  vl53l0x.o(i.VL53L0X_writeReg)
    VL53L0X_writeReg16Bit                    0x080042cb   Thumb Code    48  vl53l0x.o(i.VL53L0X_writeReg16Bit)
    VL53L0X_writeReg32Bit                    0x080042fb   Thumb Code    60  vl53l0x.o(i.VL53L0X_writeReg32Bit)
    __ARM_fpclassify                         0x08004337   Thumb Code    40  fpclassify.o(i.__ARM_fpclassify)
    __kernel_poly                            0x0800437f   Thumb Code   170  poly.o(i.__kernel_poly)
    __mathlib_dbl_infnan                     0x08004429   Thumb Code     6  dunder.o(i.__mathlib_dbl_infnan)
    __mathlib_dbl_infnan2                    0x0800442f   Thumb Code     4  dunder.o(i.__mathlib_dbl_infnan2)
    __mathlib_dbl_underflow                  0x08004435   Thumb Code    10  dunder.o(i.__mathlib_dbl_underflow)
    __scatterload_copy                       0x08004445   Thumb Code    14  handlers.o(i.__scatterload_copy)
    __scatterload_null                       0x08004453   Thumb Code     2  handlers.o(i.__scatterload_null)
    __scatterload_zeroinit                   0x08004455   Thumb Code    14  handlers.o(i.__scatterload_zeroinit)
    __set_errno                              0x08004465   Thumb Code     6  errno.o(i.__set_errno)
    atan                                     0x08004471   Thumb Code   474  atan.o(i.atan)
    atan2                                    0x08004691   Thumb Code   346  atan2.o(i.atan2)
    main                                     0x08004811   Thumb Code  2280  main.o(i.main)
    sqrt                                     0x080050f9   Thumb Code    76  sqrt.o(i.sqrt)
    AHBPrescTable                            0x08005144   Data          16  system_stm32f1xx.o(.constdata)
    APBPrescTable                            0x08005154   Data           8  system_stm32f1xx.o(.constdata)
    __mathlib_zero                           0x080051f8   Data           8  qnan.o(.constdata)
    Region$$Table$$Base                      0x08005200   Number         0  anon$$obj.o(Region$$Table)
    Region$$Table$$Limit                     0x08005220   Number         0  anon$$obj.o(Region$$Table)
    VL53L0X_OK                               0x20000000   Data           1  main.o(.data)
    MPU6050_OK                               0x20000001   Data           1  main.o(.data)
    bt1                                      0x20000002   Data           1  main.o(.data)
    bt2                                      0x20000003   Data           1  main.o(.data)
    parar                                    0x20000004   Data           1  main.o(.data)
    equilibrio                               0x20000005   Data           1  main.o(.data)
    distancia                                0x20000006   Data           1  main.o(.data)
    result                                   0x20000007   Data           1  main.o(.data)
    g_x                                      0x20000008   Data           2  main.o(.data)
    g_y                                      0x2000000a   Data           2  main.o(.data)
    g_z                                      0x2000000c   Data           2  main.o(.data)
    a_x                                      0x2000000e   Data           2  main.o(.data)
    a_y                                      0x20000010   Data           2  main.o(.data)
    a_z                                      0x20000012   Data           2  main.o(.data)
    distance                                 0x20000014   Data           2  main.o(.data)
    testValue                                0x20000016   Data           2  main.o(.data)
    timer                                    0x20000018   Data           4  main.o(.data)
    delta_t                                  0x20000020   Data           8  main.o(.data)
    roll                                     0x20000028   Data           8  main.o(.data)
    Q_angle                                  0x20000030   Data           8  main.o(.data)
    Q_bias                                   0x20000038   Data           8  main.o(.data)
    R_measure                                0x20000040   Data           8  main.o(.data)
    angle                                    0x20000048   Data           8  main.o(.data)
    rate                                     0x20000050   Data           8  main.o(.data)
    bias                                     0x20000058   Data           8  main.o(.data)
    gyroXrate                                0x20000060   Data           8  main.o(.data)
    gyroXangle                               0x20000068   Data           8  main.o(.data)
    compAngleX                               0x20000070   Data           8  main.o(.data)
    kalAngleX                                0x20000078   Data           8  main.o(.data)
    velocidade                               0x20000080   Data           8  main.o(.data)
    PWM_max_eq                               0x20000088   Data           8  main.o(.data)
    PWM_max_dt                               0x20000090   Data           8  main.o(.data)
    PWM_min_hr                               0x20000098   Data           8  main.o(.data)
    PWM_min_ahr                              0x200000a0   Data           8  main.o(.data)
    PWM                                      0x200000a8   Data           8  main.o(.data)
    erro_mt                                  0x200000b0   Data           8  main.o(.data)
    erro_mt_a                                0x200000b8   Data           8  main.o(.data)
    PID_mt                                   0x200000c0   Data           8  main.o(.data)
    P_mt                                     0x200000c8   Data           8  main.o(.data)
    D_mt                                     0x200000d0   Data           8  main.o(.data)
    I_mt                                     0x200000d8   Data           8  main.o(.data)
    I_mt_a                                   0x200000e0   Data           8  main.o(.data)
    kp_mt                                    0x200000e8   Data           8  main.o(.data)
    ki_mt                                    0x200000f0   Data           8  main.o(.data)
    kd_mt                                    0x200000f8   Data           8  main.o(.data)
    setpoint_angle                           0x20000100   Data           8  main.o(.data)
    erro_vl                                  0x20000108   Data           8  main.o(.data)
    erro_vl_a                                0x20000110   Data           8  main.o(.data)
    PID_vl                                   0x20000118   Data           8  main.o(.data)
    P_vl                                     0x20000120   Data           8  main.o(.data)
    D_vl                                     0x20000128   Data           8  main.o(.data)
    I_vl                                     0x20000130   Data           8  main.o(.data)
    I_vl_a                                   0x20000138   Data           8  main.o(.data)
    kp_vl                                    0x20000140   Data           8  main.o(.data)
    ki_vl                                    0x20000148   Data           8  main.o(.data)
    kd_vl                                    0x20000150   Data           8  main.o(.data)
    setpoint_angle_min                       0x20000158   Data           8  main.o(.data)
    setpoint_angle_max                       0x20000160   Data           8  main.o(.data)
    setpoint_angle_PID                       0x20000168   Data           8  main.o(.data)
    setpoint_velocidade_eq                   0x20000170   Data           8  main.o(.data)
    sentido                                  0x20000178   Data           8  main.o(.data)
    erro_dt                                  0x20000180   Data           8  main.o(.data)
    erro_dt_a                                0x20000188   Data           8  main.o(.data)
    PID_dt                                   0x20000190   Data           8  main.o(.data)
    P_dt                                     0x20000198   Data           8  main.o(.data)
    D_dt                                     0x200001a0   Data           8  main.o(.data)
    I_dt                                     0x200001a8   Data           8  main.o(.data)
    I_dt_a                                   0x200001b0   Data           8  main.o(.data)
    kp_dt                                    0x200001b8   Data           8  main.o(.data)
    ki_dt                                    0x200001c0   Data           8  main.o(.data)
    kd_dt                                    0x200001c8   Data           8  main.o(.data)
    setpoint_distancia                       0x200001d0   Data           8  main.o(.data)
    ADT                                      0x200001d8   Data           8  main.o(.data)
    myTOFsensor                              0x200001e0   Data          28  main.o(.data)
    uwTickFreq                               0x200001fc   Data           1  stm32f1xx_hal.o(.data)
    uwTickPrio                               0x20000200   Data           4  stm32f1xx_hal.o(.data)
    uwTick                                   0x20000204   Data           4  stm32f1xx_hal.o(.data)
    SystemCoreClock                          0x20000208   Data           4  system_stm32f1xx.o(.data)
    hadc1                                    0x20000210   Data          48  main.o(.bss)
    hi2c1                                    0x20000240   Data          84  main.o(.bss)
    htim1                                    0x20000294   Data          64  main.o(.bss)
    htim2                                    0x200002d4   Data          64  main.o(.bss)
    huart3                                   0x20000314   Data          64  main.o(.bss)
    mpu1                                     0x20000354   Data          28  main.o(.bss)
    P                                        0x20000370   Data          16  main.o(.bss)
    distance_mm                              0x20000380   Data          40  main.o(.bss)
    distance_mm_a                            0x200003a8   Data          40  main.o(.bss)
    hdma_adc1                                0x200003d0   Data          68  main.o(.bss)
    __initial_sp                             0x20000818   Data           0  startup_stm32f103xb.o(STACK)



==============================================================================

Memory Map of the image

  Image Entry point : 0x080000ed

  Load Region LR_IROM1 (Base: 0x08000000, Size: 0x00005430, Max: 0x00010000, ABSOLUTE, COMPRESSED[0x00005258])

    Execution Region ER_IROM1 (Exec base: 0x08000000, Load base: 0x08000000, Size: 0x00005220, Max: 0x00010000, ABSOLUTE)

    Exec Addr    Load Addr    Size         Type   Attr      Idx    E Section Name        Object

    0x08000000   0x08000000   0x000000ec   Data   RO            3    RESET               startup_stm32f103xb.o
    0x080000ec   0x080000ec   0x00000000   Code   RO         3723  * .ARM.Collect$$$$00000000  mc_w.l(entry.o)
    0x080000ec   0x080000ec   0x00000004   Code   RO         3793    .ARM.Collect$$$$00000001  mc_w.l(entry2.o)
    0x080000f0   0x080000f0   0x00000004   Code   RO         3796    .ARM.Collect$$$$00000004  mc_w.l(entry5.o)
    0x080000f4   0x080000f4   0x00000000   Code   RO         3798    .ARM.Collect$$$$00000008  mc_w.l(entry7b.o)
    0x080000f4   0x080000f4   0x00000000   Code   RO         3800    .ARM.Collect$$$$0000000A  mc_w.l(entry8b.o)
    0x080000f4   0x080000f4   0x00000008   Code   RO         3801    .ARM.Collect$$$$0000000B  mc_w.l(entry9a.o)
    0x080000fc   0x080000fc   0x00000000   Code   RO         3803    .ARM.Collect$$$$0000000D  mc_w.l(entry10a.o)
    0x080000fc   0x080000fc   0x00000000   Code   RO         3805    .ARM.Collect$$$$0000000F  mc_w.l(entry11a.o)
    0x080000fc   0x080000fc   0x00000004   Code   RO         3794    .ARM.Collect$$$$00002712  mc_w.l(entry2.o)
    0x08000100   0x08000100   0x00000024   Code   RO            4    .text               startup_stm32f103xb.o
    0x08000124   0x08000124   0x00000020   Code   RO         3726    .text               mc_w.l(llushr.o)
    0x08000144   0x08000144   0x00000024   Code   RO         3728    .text               mc_w.l(memseta.o)
    0x08000168   0x08000168   0x000000b0   Code   RO         3730    .text               mf_w.l(fadd.o)
    0x08000218   0x08000218   0x00000064   Code   RO         3732    .text               mf_w.l(fmul.o)
    0x0800027c   0x0800027c   0x0000007c   Code   RO         3734    .text               mf_w.l(fdiv.o)
    0x080002f8   0x080002f8   0x00000018   Code   RO         3736    .text               mf_w.l(fscalb.o)
    0x08000310   0x08000310   0x0000014e   Code   RO         3738    .text               mf_w.l(dadd.o)
    0x0800045e   0x0800045e   0x000000e4   Code   RO         3740    .text               mf_w.l(dmul.o)
    0x08000542   0x08000542   0x000000de   Code   RO         3742    .text               mf_w.l(ddiv.o)
    0x08000620   0x08000620   0x0000002e   Code   RO         3744    .text               mf_w.l(dscalb.o)
    0x0800064e   0x0800064e   0x00000022   Code   RO         3750    .text               mf_w.l(dflti.o)
    0x08000670   0x08000670   0x0000001a   Code   RO         3752    .text               mf_w.l(dfltui.o)
    0x0800068a   0x0800068a   0x00000028   Code   RO         3754    .text               mf_w.l(ffixui.o)
    0x080006b2   0x080006b2   0x0000003e   Code   RO         3756    .text               mf_w.l(dfixi.o)
    0x080006f0   0x080006f0   0x00000032   Code   RO         3758    .text               mf_w.l(dfixui.o)
    0x08000722   0x08000722   0x00000026   Code   RO         3760    .text               mf_w.l(f2d.o)
    0x08000748   0x08000748   0x00000030   Code   RO         3762    .text               mf_w.l(cdcmple.o)
    0x08000778   0x08000778   0x00000030   Code   RO         3764    .text               mf_w.l(cdrcmple.o)
    0x080007a8   0x080007a8   0x00000038   Code   RO         3766    .text               mf_w.l(d2f.o)
    0x080007e0   0x080007e0   0x0000001e   Code   RO         3807    .text               mc_w.l(llshl.o)
    0x080007fe   0x080007fe   0x00000024   Code   RO         3809    .text               mc_w.l(llsshr.o)
    0x08000822   0x08000822   0x00000000   Code   RO         3818    .text               mc_w.l(iusefp.o)
    0x08000822   0x08000822   0x0000006e   Code   RO         3819    .text               mf_w.l(fepilogue.o)
    0x08000890   0x08000890   0x000000ba   Code   RO         3821    .text               mf_w.l(depilogue.o)
    0x0800094a   0x0800094a   0x000000a2   Code   RO         3823    .text               mf_w.l(dsqrt.o)
    0x080009ec   0x080009ec   0x00000024   Code   RO         3829    .text               mc_w.l(init.o)
    0x08000a10   0x08000a10   0x00000056   Code   RO         3839    .text               mc_w.l(__dczerorl2.o)
    0x08000a66   0x08000a66   0x00000002   PAD
    0x08000a68   0x08000a68   0x0000004c   Code   RO          745    i.ADC_ConversionStop_Disable  stm32f1xx_hal_adc.o
    0x08000ab4   0x08000ab4   0x0000004e   Code   RO          746    i.ADC_DMAConvCplt   stm32f1xx_hal_adc.o
    0x08000b02   0x08000b02   0x0000001a   Code   RO          747    i.ADC_DMAError      stm32f1xx_hal_adc.o
    0x08000b1c   0x08000b1c   0x0000000a   Code   RO          748    i.ADC_DMAHalfConvCplt  stm32f1xx_hal_adc.o
    0x08000b26   0x08000b26   0x00000002   PAD
    0x08000b28   0x08000b28   0x00000070   Code   RO          749    i.ADC_Enable        stm32f1xx_hal_adc.o
    0x08000b98   0x08000b98   0x00000002   Code   RO          542    i.BusFault_Handler  stm32f1xx_it.o
    0x08000b9a   0x08000b9a   0x00000002   PAD
    0x08000b9c   0x08000b9c   0x0000000c   Code   RO          543    i.DMA1_Channel1_IRQHandler  stm32f1xx_it.o
    0x08000ba8   0x08000ba8   0x0000002a   Code   RO         1399    i.DMA_SetConfig     stm32f1xx_hal_dma.o
    0x08000bd2   0x08000bd2   0x00000002   Code   RO          544    i.DebugMon_Handler  stm32f1xx_it.o
    0x08000bd4   0x08000bd4   0x00000002   Code   RO          396    i.Error_Handler     main.o
    0x08000bd6   0x08000bd6   0x00000002   PAD
    0x08000bd8   0x08000bd8   0x000000fc   Code   RO          751    i.HAL_ADC_ConfigChannel  stm32f1xx_hal_adc.o
    0x08000cd4   0x08000cd4   0x00000002   Code   RO          752    i.HAL_ADC_ConvCpltCallback  stm32f1xx_hal_adc.o
    0x08000cd6   0x08000cd6   0x00000002   Code   RO          753    i.HAL_ADC_ConvHalfCpltCallback  stm32f1xx_hal_adc.o
    0x08000cd8   0x08000cd8   0x00000002   Code   RO          755    i.HAL_ADC_ErrorCallback  stm32f1xx_hal_adc.o
    0x08000cda   0x08000cda   0x00000002   PAD
    0x08000cdc   0x08000cdc   0x0000011c   Code   RO          760    i.HAL_ADC_Init      stm32f1xx_hal_adc.o
    0x08000df8   0x08000df8   0x0000008c   Code   RO          631    i.HAL_ADC_MspInit   stm32f1xx_hal_msp.o
    0x08000e84   0x08000e84   0x000000c0   Code   RO          766    i.HAL_ADC_Start     stm32f1xx_hal_adc.o
    0x08000f44   0x08000f44   0x0000010c   Code   RO          767    i.HAL_ADC_Start_DMA  stm32f1xx_hal_adc.o
    0x08001050   0x08001050   0x00000154   Code   RO         1405    i.HAL_DMA_IRQHandler  stm32f1xx_hal_dma.o
    0x080011a4   0x080011a4   0x0000005c   Code   RO         1406    i.HAL_DMA_Init      stm32f1xx_hal_dma.o
    0x08001200   0x08001200   0x00000070   Code   RO         1410    i.HAL_DMA_Start_IT  stm32f1xx_hal_dma.o
    0x08001270   0x08001270   0x00000024   Code   RO         1028    i.HAL_Delay         stm32f1xx_hal.o
    0x08001294   0x08001294   0x000001e0   Code   RO         1336    i.HAL_GPIO_Init     stm32f1xx_hal_gpio.o
    0x08001474   0x08001474   0x0000000a   Code   RO         1338    i.HAL_GPIO_ReadPin  stm32f1xx_hal_gpio.o
    0x0800147e   0x0800147e   0x0000000a   Code   RO         1340    i.HAL_GPIO_WritePin  stm32f1xx_hal_gpio.o
    0x08001488   0x08001488   0x0000000c   Code   RO         1032    i.HAL_GetTick       stm32f1xx_hal.o
    0x08001494   0x08001494   0x00000174   Code   RO         2007    i.HAL_I2C_Init      stm32f1xx_hal_i2c.o
    0x08001608   0x08001608   0x00000158   Code   RO         2008    i.HAL_I2C_IsDeviceReady  stm32f1xx_hal_i2c.o
    0x08001760   0x08001760   0x0000020c   Code   RO         2013    i.HAL_I2C_Master_Receive  stm32f1xx_hal_i2c.o
    0x0800196c   0x0800196c   0x0000012c   Code   RO         2020    i.HAL_I2C_Master_Transmit  stm32f1xx_hal_i2c.o
    0x08001a98   0x08001a98   0x0000005c   Code   RO          633    i.HAL_I2C_MspInit   stm32f1xx_hal_msp.o
    0x08001af4   0x08001af4   0x00000010   Code   RO         1038    i.HAL_IncTick       stm32f1xx_hal.o
    0x08001b04   0x08001b04   0x00000024   Code   RO         1039    i.HAL_Init          stm32f1xx_hal.o
    0x08001b28   0x08001b28   0x00000040   Code   RO         1040    i.HAL_InitTick      stm32f1xx_hal.o
    0x08001b68   0x08001b68   0x0000003c   Code   RO          634    i.HAL_MspInit       stm32f1xx_hal_msp.o
    0x08001ba4   0x08001ba4   0x0000001a   Code   RO         1496    i.HAL_NVIC_EnableIRQ  stm32f1xx_hal_cortex.o
    0x08001bbe   0x08001bbe   0x00000002   PAD
    0x08001bc0   0x08001bc0   0x00000040   Code   RO         1502    i.HAL_NVIC_SetPriority  stm32f1xx_hal_cortex.o
    0x08001c00   0x08001c00   0x00000024   Code   RO         1503    i.HAL_NVIC_SetPriorityGrouping  stm32f1xx_hal_cortex.o
    0x08001c24   0x08001c24   0x000000ec   Code   RO         1299    i.HAL_RCCEx_PeriphCLKConfig  stm32f1xx_hal_rcc_ex.o
    0x08001d10   0x08001d10   0x0000012c   Code   RO         1196    i.HAL_RCC_ClockConfig  stm32f1xx_hal_rcc.o
    0x08001e3c   0x08001e3c   0x00000020   Code   RO         1203    i.HAL_RCC_GetPCLK1Freq  stm32f1xx_hal_rcc.o
    0x08001e5c   0x08001e5c   0x00000020   Code   RO         1204    i.HAL_RCC_GetPCLK2Freq  stm32f1xx_hal_rcc.o
    0x08001e7c   0x08001e7c   0x0000006c   Code   RO         1205    i.HAL_RCC_GetSysClockFreq  stm32f1xx_hal_rcc.o
    0x08001ee8   0x08001ee8   0x00000320   Code   RO         1208    i.HAL_RCC_OscConfig  stm32f1xx_hal_rcc.o
    0x08002208   0x08002208   0x00000028   Code   RO         1507    i.HAL_SYSTICK_Config  stm32f1xx_hal_cortex.o
    0x08002230   0x08002230   0x00000002   Code   RO         3095    i.HAL_TIMEx_BreakCallback  stm32f1xx_hal_tim_ex.o
    0x08002232   0x08002232   0x00000002   Code   RO         3096    i.HAL_TIMEx_CommutCallback  stm32f1xx_hal_tim_ex.o
    0x08002234   0x08002234   0x00000054   Code   RO         3098    i.HAL_TIMEx_ConfigBreakDeadTime  stm32f1xx_hal_tim_ex.o
    0x08002288   0x08002288   0x00000042   Code   RO         3113    i.HAL_TIMEx_MasterConfigSynchronization  stm32f1xx_hal_tim_ex.o
    0x080022ca   0x080022ca   0x00000036   Code   RO         2420    i.HAL_TIM_Base_Init  stm32f1xx_hal_tim.o
    0x08002300   0x08002300   0x00000050   Code   RO          636    i.HAL_TIM_Base_MspInit  stm32f1xx_hal_msp.o
    0x08002350   0x08002350   0x00000022   Code   RO         2425    i.HAL_TIM_Base_Start_IT  stm32f1xx_hal_tim.o
    0x08002372   0x08002372   0x000000d6   Code   RO         2429    i.HAL_TIM_ConfigClockSource  stm32f1xx_hal_tim.o
    0x08002448   0x08002448   0x00000002   Code   RO         2449    i.HAL_TIM_IC_CaptureCallback  stm32f1xx_hal_tim.o
    0x0800244a   0x0800244a   0x00000166   Code   RO         2463    i.HAL_TIM_IRQHandler  stm32f1xx_hal_tim.o
    0x080025b0   0x080025b0   0x0000004c   Code   RO          637    i.HAL_TIM_MspPostInit  stm32f1xx_hal_msp.o
    0x080025fc   0x080025fc   0x00000002   Code   RO         2466    i.HAL_TIM_OC_DelayElapsedCallback  stm32f1xx_hal_tim.o
    0x080025fe   0x080025fe   0x000000d0   Code   RO         2487    i.HAL_TIM_PWM_ConfigChannel  stm32f1xx_hal_tim.o
    0x080026ce   0x080026ce   0x00000036   Code   RO         2490    i.HAL_TIM_PWM_Init  stm32f1xx_hal_tim.o
    0x08002704   0x08002704   0x00000002   Code   RO         2492    i.HAL_TIM_PWM_MspInit  stm32f1xx_hal_tim.o
    0x08002706   0x08002706   0x00000002   Code   RO         2493    i.HAL_TIM_PWM_PulseFinishedCallback  stm32f1xx_hal_tim.o
    0x08002708   0x08002708   0x00000038   Code   RO         2495    i.HAL_TIM_PWM_Start  stm32f1xx_hal_tim.o
    0x08002740   0x08002740   0x00000018   Code   RO          397    i.HAL_TIM_PeriodElapsedCallback  main.o
    0x08002758   0x08002758   0x00000002   Code   RO         2506    i.HAL_TIM_TriggerCallback  stm32f1xx_hal_tim.o
    0x0800275a   0x0800275a   0x00000062   Code   RO         3371    i.HAL_UART_Init     stm32f1xx_hal_uart.o
    0x080027bc   0x080027bc   0x00000070   Code   RO          639    i.HAL_UART_MspInit  stm32f1xx_hal_msp.o
    0x0800282c   0x0800282c   0x00000002   Code   RO          545    i.HardFault_Handler  stm32f1xx_it.o
    0x0800282e   0x0800282e   0x0000002e   Code   RO         2049    i.I2C_IsAcknowledgeFailed  stm32f1xx_hal_i2c.o
    0x0800285c   0x0800285c   0x000000d4   Code   RO         2052    i.I2C_MasterRequestRead  stm32f1xx_hal_i2c.o
    0x08002930   0x08002930   0x00000088   Code   RO         2053    i.I2C_MasterRequestWrite  stm32f1xx_hal_i2c.o
    0x080029b8   0x080029b8   0x0000004c   Code   RO         2062    i.I2C_WaitOnBTFFlagUntilTimeout  stm32f1xx_hal_i2c.o
    0x08002a04   0x08002a04   0x00000068   Code   RO         2063    i.I2C_WaitOnFlagUntilTimeout  stm32f1xx_hal_i2c.o
    0x08002a6c   0x08002a6c   0x00000096   Code   RO         2064    i.I2C_WaitOnMasterAddressFlagUntilTimeout  stm32f1xx_hal_i2c.o
    0x08002b02   0x08002b02   0x00000066   Code   RO         2065    i.I2C_WaitOnRXNEFlagUntilTimeout  stm32f1xx_hal_i2c.o
    0x08002b68   0x08002b68   0x0000004c   Code   RO         2066    i.I2C_WaitOnTXEFlagUntilTimeout  stm32f1xx_hal_i2c.o
    0x08002bb4   0x08002bb4   0x00000190   Code   RO          398    i.Kalman            main.o
    0x08002d44   0x08002d44   0x000000f0   Code   RO          403    i.Leitura_Botoes    main.o
    0x08002e34   0x08002e34   0x00000050   Code   RO          404    i.MX_ADC1_Init      main.o
    0x08002e84   0x08002e84   0x000000c0   Code   RO          405    i.MX_GPIO_Init      main.o
    0x08002f44   0x08002f44   0x000000b0   Code   RO          406    i.MX_TIM1_Init      main.o
    0x08002ff4   0x08002ff4   0x00000050   Code   RO          407    i.MX_TIM2_Init      main.o
    0x08003044   0x08003044   0x00000002   Code   RO          546    i.MemManage_Handler  stm32f1xx_it.o
    0x08003046   0x08003046   0x00000002   PAD
    0x08003048   0x08003048   0x00000030   Code   RO          408    i.Motor_AntiHorario  main.o
    0x08003078   0x08003078   0x00000030   Code   RO          409    i.Motor_Horario     main.o
    0x080030a8   0x080030a8   0x00000030   Code   RO          410    i.Motor_Parar       main.o
    0x080030d8   0x080030d8   0x00000002   Code   RO          547    i.NMI_Handler       stm32f1xx_it.o
    0x080030da   0x080030da   0x00000002   Code   RO          548    i.PendSV_Handler    stm32f1xx_it.o
    0x080030dc   0x080030dc   0x00000054   Code   RO          411    i.Reset_MPU6050     main.o
    0x08003130   0x08003130   0x00000078   Code   RO          412    i.Reset_VL53L0X     main.o
    0x080031a8   0x080031a8   0x000000a0   Code   RO           15    i.SD_MPU6050_Init   sd_hal_mpu6050.o
    0x08003248   0x08003248   0x00000058   Code   RO           16    i.SD_MPU6050_ReadAccelerometer  sd_hal_mpu6050.o
    0x080032a0   0x080032a0   0x00000058   Code   RO           18    i.SD_MPU6050_ReadGyroscope  sd_hal_mpu6050.o
    0x080032f8   0x080032f8   0x0000008c   Code   RO           21    i.SD_MPU6050_SetAccelerometer  sd_hal_mpu6050.o
    0x08003384   0x08003384   0x00000028   Code   RO           22    i.SD_MPU6050_SetDataRate  sd_hal_mpu6050.o
    0x080033ac   0x080033ac   0x00000094   Code   RO           23    i.SD_MPU6050_SetGyroscope  sd_hal_mpu6050.o
    0x08003440   0x08003440   0x00000002   Code   RO          549    i.SVC_Handler       stm32f1xx_it.o
    0x08003442   0x08003442   0x00000004   Code   RO          550    i.SysTick_Handler   stm32f1xx_it.o
    0x08003446   0x08003446   0x00000060   Code   RO          413    i.SystemClock_Config  main.o
    0x080034a6   0x080034a6   0x00000002   PAD
    0x080034a8   0x080034a8   0x00000048   Code   RO         3673    i.SystemInit        system_stm32f1xx.o
    0x080034f0   0x080034f0   0x0000000c   Code   RO          551    i.TIM2_IRQHandler   stm32f1xx_it.o
    0x080034fc   0x080034fc   0x0000006c   Code   RO         2508    i.TIM_Base_SetConfig  stm32f1xx_hal_tim.o
    0x08003568   0x08003568   0x0000001a   Code   RO         2509    i.TIM_CCxChannelCmd  stm32f1xx_hal_tim.o
    0x08003582   0x08003582   0x00000014   Code   RO         2519    i.TIM_ETR_SetConfig  stm32f1xx_hal_tim.o
    0x08003596   0x08003596   0x00000010   Code   RO         2520    i.TIM_ITRx_SetConfig  stm32f1xx_hal_tim.o
    0x080035a6   0x080035a6   0x00000002   PAD
    0x080035a8   0x080035a8   0x00000050   Code   RO         2521    i.TIM_OC1_SetConfig  stm32f1xx_hal_tim.o
    0x080035f8   0x080035f8   0x00000058   Code   RO         2522    i.TIM_OC2_SetConfig  stm32f1xx_hal_tim.o
    0x08003650   0x08003650   0x00000058   Code   RO         2523    i.TIM_OC3_SetConfig  stm32f1xx_hal_tim.o
    0x080036a8   0x080036a8   0x00000044   Code   RO         2524    i.TIM_OC4_SetConfig  stm32f1xx_hal_tim.o
    0x080036ec   0x080036ec   0x00000022   Code   RO         2526    i.TIM_TI1_ConfigInputStage  stm32f1xx_hal_tim.o
    0x0800370e   0x0800370e   0x00000024   Code   RO         2528    i.TIM_TI2_ConfigInputStage  stm32f1xx_hal_tim.o
    0x08003732   0x08003732   0x00000002   PAD
    0x08003734   0x08003734   0x000000b8   Code   RO         3397    i.UART_SetConfig    stm32f1xx_hal_uart.o
    0x080037ec   0x080037ec   0x00000002   Code   RO          552    i.UsageFault_Handler  stm32f1xx_it.o
    0x080037ee   0x080037ee   0x0000001e   Code   RO          191    i.VL53L0X_checkTimeoutExpired  vl53l0x.o
    0x0800380c   0x0800380c   0x0000000c   Code   RO          192    i.VL53L0X_decodeTimeout  vl53l0x.o
    0x08003818   0x08003818   0x0000001c   Code   RO          193    i.VL53L0X_encodeTimeout  vl53l0x.o
    0x08003834   0x08003834   0x0000006a   Code   RO          194    i.VL53L0X_getMeasurementTimingBudget  vl53l0x.o
    0x0800389e   0x0800389e   0x00000028   Code   RO          195    i.VL53L0X_getSequenceStepEnables  vl53l0x.o
    0x080038c6   0x080038c6   0x00000068   Code   RO          196    i.VL53L0X_getSequenceStepTimeouts  vl53l0x.o
    0x0800392e   0x0800392e   0x00000104   Code   RO          198    i.VL53L0X_getSpadInfo  vl53l0x.o
    0x08003a32   0x08003a32   0x0000001e   Code   RO          199    i.VL53L0X_getVcselPulsePeriod  vl53l0x.o
    0x08003a50   0x08003a50   0x000004e8   Code   RO          200    i.VL53L0X_init      vl53l0x.o
    0x08003f38   0x08003f38   0x00000046   Code   RO          201    i.VL53L0X_performSingleRefCalibration  vl53l0x.o
    0x08003f7e   0x08003f7e   0x00000040   Code   RO          202    i.VL53L0X_readMulti  vl53l0x.o
    0x08003fbe   0x08003fbe   0x00000042   Code   RO          203    i.VL53L0X_readRangeContinuousMillimeters  vl53l0x.o
    0x08004000   0x08004000   0x00000040   Code   RO          205    i.VL53L0X_readReg   vl53l0x.o
    0x08004040   0x08004040   0x00000048   Code   RO          206    i.VL53L0X_readReg16Bit  vl53l0x.o
    0x08004088   0x08004088   0x000000a4   Code   RO          209    i.VL53L0X_setMeasurementTimingBudget  vl53l0x.o
    0x0800412c   0x0800412c   0x00000034   Code   RO          210    i.VL53L0X_setSignalRateLimit  vl53l0x.o
    0x08004160   0x08004160   0x00000074   Code   RO          212    i.VL53L0X_startContinuous  vl53l0x.o
    0x080041d4   0x080041d4   0x00000042   Code   RO          214    i.VL53L0X_stopContinuous  vl53l0x.o
    0x08004216   0x08004216   0x00000020   Code   RO          215    i.VL53L0X_timeoutMclksToMicroseconds  vl53l0x.o
    0x08004236   0x08004236   0x00000020   Code   RO          216    i.VL53L0X_timeoutMicrosecondsToMclks  vl53l0x.o
    0x08004256   0x08004256   0x0000000a   Code   RO          217    i.VL53L0X_timeoutOccurred  vl53l0x.o
    0x08004260   0x08004260   0x00000040   Code   RO          218    i.VL53L0X_writeMulti  vl53l0x.o
    0x080042a0   0x080042a0   0x0000002a   Code   RO          219    i.VL53L0X_writeReg  vl53l0x.o
    0x080042ca   0x080042ca   0x00000030   Code   RO          220    i.VL53L0X_writeReg16Bit  vl53l0x.o
    0x080042fa   0x080042fa   0x0000003c   Code   RO          221    i.VL53L0X_writeReg32Bit  vl53l0x.o
    0x08004336   0x08004336   0x00000028   Code   RO         3825    i.__ARM_fpclassify  m_ws.l(fpclassify.o)
    0x0800435e   0x0800435e   0x00000020   Code   RO         1509    i.__NVIC_SetPriority  stm32f1xx_hal_cortex.o
    0x0800437e   0x0800437e   0x000000aa   Code   RO         3827    i.__kernel_poly     m_ws.l(poly.o)
    0x08004428   0x08004428   0x00000006   Code   RO         3779    i.__mathlib_dbl_infnan  m_ws.l(dunder.o)
    0x0800442e   0x0800442e   0x00000004   Code   RO         3780    i.__mathlib_dbl_infnan2  m_ws.l(dunder.o)
    0x08004432   0x08004432   0x00000002   PAD
    0x08004434   0x08004434   0x00000010   Code   RO         3784    i.__mathlib_dbl_underflow  m_ws.l(dunder.o)
    0x08004444   0x08004444   0x0000000e   Code   RO         3833    i.__scatterload_copy  mc_w.l(handlers.o)
    0x08004452   0x08004452   0x00000002   Code   RO         3834    i.__scatterload_null  mc_w.l(handlers.o)
    0x08004454   0x08004454   0x0000000e   Code   RO         3835    i.__scatterload_zeroinit  mc_w.l(handlers.o)
    0x08004462   0x08004462   0x00000002   PAD
    0x08004464   0x08004464   0x0000000c   Code   RO         3813    i.__set_errno       mc_w.l(errno.o)
    0x08004470   0x08004470   0x00000220   Code   RO         3769    i.atan              m_ws.l(atan.o)
    0x08004690   0x08004690   0x00000180   Code   RO         3708    i.atan2             m_ws.l(atan2.o)
    0x08004810   0x08004810   0x000008e8   Code   RO          414    i.main              main.o
    0x080050f8   0x080050f8   0x0000004c   Code   RO         3716    i.sqrt              m_ws.l(sqrt.o)
    0x08005144   0x08005144   0x00000010   Data   RO         3674    .constdata          system_stm32f1xx.o
    0x08005154   0x08005154   0x00000008   Data   RO         3675    .constdata          system_stm32f1xx.o
    0x0800515c   0x0800515c   0x00000004   PAD
    0x08005160   0x08005160   0x00000098   Data   RO         3770    .constdata          m_ws.l(atan.o)
    0x080051f8   0x080051f8   0x00000008   Data   RO         3792    .constdata          m_ws.l(qnan.o)
    0x08005200   0x08005200   0x00000020   Data   RO         3831    Region$$Table       anon$$obj.o


    Execution Region RW_IRAM1 (Exec base: 0x20000000, Load base: 0x08005220, Size: 0x00000818, Max: 0x00005000, ABSOLUTE, COMPRESSED[0x00000038])

    Exec Addr    Load Addr    Size         Type   Attr      Idx    E Section Name        Object

    0x20000000   COMPRESSED   0x000001fc   Data   RW          417    .data               main.o
    0x200001fc   COMPRESSED   0x0000000c   Data   RW         1046    .data               stm32f1xx_hal.o
    0x20000208   COMPRESSED   0x00000004   Data   RW         3676    .data               system_stm32f1xx.o
    0x2000020c   COMPRESSED   0x00000004   Data   RW         3814    .data               mc_w.l(errno.o)
    0x20000210        -       0x000001c0   Zero   RW          415    .bss                main.o
    0x200003d0        -       0x00000044   Zero   RW          416    .bss                main.o
    0x20000414   COMPRESSED   0x00000004   PAD
    0x20000418        -       0x00000400   Zero   RW            1    STACK               startup_stm32f103xb.o


==============================================================================

Image component sizes


      Code (inc. data)   RO Data    RW Data    ZI Data      Debug   Object Name

      3918        284          0        508        516      18243   main.o
       664         16          0          0          0     452313   sd_hal_mpu6050.o
        36          8        236          0       1024        832   startup_stm32f103xb.o
       164         28          0         12          0       6137   stm32f1xx_hal.o
      1304         62          0          0          0       9706   stm32f1xx_hal_adc.o
       198         14          0          0          0      29127   stm32f1xx_hal_cortex.o
       586         32          0          0          0       3747   stm32f1xx_hal_dma.o
       500         34          0          0          0       3639   stm32f1xx_hal_gpio.o
      2442         50          0          0          0      13646   stm32f1xx_hal_i2c.o
       560         72          0          0          0       4462   stm32f1xx_hal_msp.o
      1272        100          0          0          0       5380   stm32f1xx_hal_rcc.o
       236         12          0          0          0       1444   stm32f1xx_hal_rcc_ex.o
      1552         38          0          0          0      16310   stm32f1xx_hal_tim.o
       154          0          0          0          0       3297   stm32f1xx_hal_tim_ex.o
       282          6          0          0          0       2008   stm32f1xx_hal_uart.o
        44         12          0          0          0       4995   stm32f1xx_it.o
        72         16         24          4          0       1247   system_stm32f1xx.o
      2888          4          0          0          0      21781   vl53l0x.o

    ----------------------------------------------------------------------
     16890        788        296        524       1544     598314   Object Totals
         0          0         32          0          0          0   (incl. Generated)
        18          0          4          0          4          0   (incl. Padding)

    ----------------------------------------------------------------------

      Code (inc. data)   RO Data    RW Data    ZI Data      Debug   Library Member Name

       544         70        152          0          0        124   atan.o
       384         38          0          0          0        144   atan2.o
        26          6          0          0          0        204   dunder.o
        40          0          0          0          0         68   fpclassify.o
       170          0          0          0          0         96   poly.o
         0          0          8          0          0          0   qnan.o
        76          0          0          0          0         84   sqrt.o
        86          0          0          0          0          0   __dczerorl2.o
         0          0          0          0          0          0   entry.o
         0          0          0          0          0          0   entry10a.o
         0          0          0          0          0          0   entry11a.o
         8          4          0          0          0          0   entry2.o
         4          0          0          0          0          0   entry5.o
         0          0          0          0          0          0   entry7b.o
         0          0          0          0          0          0   entry8b.o
         8          4          0          0          0          0   entry9a.o
        12          6          0          4          0         68   errno.o
        30          0          0          0          0          0   handlers.o
        36          8          0          0          0         68   init.o
         0          0          0          0          0          0   iusefp.o
        30          0          0          0          0         68   llshl.o
        36          0          0          0          0         68   llsshr.o
        32          0          0          0          0         68   llushr.o
        36          0          0          0          0        108   memseta.o
        48          0          0          0          0         68   cdcmple.o
        48          0          0          0          0         68   cdrcmple.o
        56          0          0          0          0         88   d2f.o
       334          0          0          0          0        148   dadd.o
       222          0          0          0          0        100   ddiv.o
       186          0          0          0          0        176   depilogue.o
        62          0          0          0          0         80   dfixi.o
        50          0          0          0          0         76   dfixui.o
        34          0          0          0          0         76   dflti.o
        26          0          0          0          0         76   dfltui.o
       228          0          0          0          0         96   dmul.o
        46          0          0          0          0         80   dscalb.o
       162          0          0          0          0        100   dsqrt.o
        38          0          0          0          0         68   f2d.o
       176          0          0          0          0        140   fadd.o
       124          0          0          0          0         88   fdiv.o
       110          0          0          0          0        168   fepilogue.o
        40          0          0          0          0         68   ffixui.o
       100          0          0          0          0         76   fmul.o
        24          0          0          0          0         68   fscalb.o

    ----------------------------------------------------------------------
      3678        136        160          4          0       3076   Library Totals
         6          0          0          0          0          0   (incl. Padding)

    ----------------------------------------------------------------------

      Code (inc. data)   RO Data    RW Data    ZI Data      Debug   Library Name

      1240        114        160          0          0        720   m_ws.l
       318         22          0          4          0        448   mc_w.l
      2114          0          0          0          0       1908   mf_w.l

    ----------------------------------------------------------------------
      3678        136        160          4          0       3076   Library Totals

    ----------------------------------------------------------------------

==============================================================================


      Code (inc. data)   RO Data    RW Data    ZI Data      Debug   

     20568        924        456        528       1544     592886   Grand Totals
     20568        924        456         56       1544     592886   ELF Image Totals (compressed)
     20568        924        456         56          0          0   ROM Totals

==============================================================================

    Total RO  Size (Code + RO Data)                21024 (  20.53kB)
    Total RW  Size (RW Data + ZI Data)              2072 (   2.02kB)
    Total ROM Size (Code + RO Data + RW Data)      21080 (  20.59kB)

==============================================================================

